Archive member included to satisfy reference by file (symbol)

c:/st/stm32cubeide_1.12.1/stm32cubeide/plugins/com.st.stm32cube.ide.mcu.externaltools.gnu-tools-for-stm32.10.3-2021.10.win32_1.0.200.202301161003/tools/bin/../lib/gcc/arm-none-eabi/10.3.1/../../../../arm-none-eabi/lib/thumb/v7e-m+fp/hard\libc_nano.a(lib_a-errno.o)
                              ./Core/Src/syscalls.o (__errno)
c:/st/stm32cubeide_1.12.1/stm32cubeide/plugins/com.st.stm32cube.ide.mcu.externaltools.gnu-tools-for-stm32.10.3-2021.10.win32_1.0.200.202301161003/tools/bin/../lib/gcc/arm-none-eabi/10.3.1/../../../../arm-none-eabi/lib/thumb/v7e-m+fp/hard\libc_nano.a(lib_a-exit.o)
                              c:/st/stm32cubeide_1.12.1/stm32cubeide/plugins/com.st.stm32cube.ide.mcu.externaltools.gnu-tools-for-stm32.10.3-2021.10.win32_1.0.200.202301161003/tools/bin/../lib/gcc/arm-none-eabi/10.3.1/../../../../arm-none-eabi/lib/thumb/v7e-m+fp/hard/crt0.o (exit)
c:/st/stm32cubeide_1.12.1/stm32cubeide/plugins/com.st.stm32cube.ide.mcu.externaltools.gnu-tools-for-stm32.10.3-2021.10.win32_1.0.200.202301161003/tools/bin/../lib/gcc/arm-none-eabi/10.3.1/../../../../arm-none-eabi/lib/thumb/v7e-m+fp/hard\libc_nano.a(lib_a-impure.o)
                              c:/st/stm32cubeide_1.12.1/stm32cubeide/plugins/com.st.stm32cube.ide.mcu.externaltools.gnu-tools-for-stm32.10.3-2021.10.win32_1.0.200.202301161003/tools/bin/../lib/gcc/arm-none-eabi/10.3.1/../../../../arm-none-eabi/lib/thumb/v7e-m+fp/hard\libc_nano.a(lib_a-exit.o) (_global_impure_ptr)
c:/st/stm32cubeide_1.12.1/stm32cubeide/plugins/com.st.stm32cube.ide.mcu.externaltools.gnu-tools-for-stm32.10.3-2021.10.win32_1.0.200.202301161003/tools/bin/../lib/gcc/arm-none-eabi/10.3.1/../../../../arm-none-eabi/lib/thumb/v7e-m+fp/hard\libc_nano.a(lib_a-init.o)
                              c:/st/stm32cubeide_1.12.1/stm32cubeide/plugins/com.st.stm32cube.ide.mcu.externaltools.gnu-tools-for-stm32.10.3-2021.10.win32_1.0.200.202301161003/tools/bin/../lib/gcc/arm-none-eabi/10.3.1/../../../../arm-none-eabi/lib/thumb/v7e-m+fp/hard/crt0.o (__libc_init_array)
c:/st/stm32cubeide_1.12.1/stm32cubeide/plugins/com.st.stm32cube.ide.mcu.externaltools.gnu-tools-for-stm32.10.3-2021.10.win32_1.0.200.202301161003/tools/bin/../lib/gcc/arm-none-eabi/10.3.1/../../../../arm-none-eabi/lib/thumb/v7e-m+fp/hard\libc_nano.a(lib_a-memcpy-stub.o)
                              ./Core/Librerias/VL53L0X/core/src/vl53l0x_api_calibration.o (memcpy)
c:/st/stm32cubeide_1.12.1/stm32cubeide/plugins/com.st.stm32cube.ide.mcu.externaltools.gnu-tools-for-stm32.10.3-2021.10.win32_1.0.200.202301161003/tools/bin/../lib/gcc/arm-none-eabi/10.3.1/../../../../arm-none-eabi/lib/thumb/v7e-m+fp/hard\libc_nano.a(lib_a-memmove.o)
                              ./Core/Src/ssd1306_tests.o (memmove)
c:/st/stm32cubeide_1.12.1/stm32cubeide/plugins/com.st.stm32cube.ide.mcu.externaltools.gnu-tools-for-stm32.10.3-2021.10.win32_1.0.200.202301161003/tools/bin/../lib/gcc/arm-none-eabi/10.3.1/../../../../arm-none-eabi/lib/thumb/v7e-m+fp/hard\libc_nano.a(lib_a-memset.o)
                              c:/st/stm32cubeide_1.12.1/stm32cubeide/plugins/com.st.stm32cube.ide.mcu.externaltools.gnu-tools-for-stm32.10.3-2021.10.win32_1.0.200.202301161003/tools/bin/../lib/gcc/arm-none-eabi/10.3.1/../../../../arm-none-eabi/lib/thumb/v7e-m+fp/hard/crt0.o (memset)
c:/st/stm32cubeide_1.12.1/stm32cubeide/plugins/com.st.stm32cube.ide.mcu.externaltools.gnu-tools-for-stm32.10.3-2021.10.win32_1.0.200.202301161003/tools/bin/../lib/gcc/arm-none-eabi/10.3.1/../../../../arm-none-eabi/lib/thumb/v7e-m+fp/hard\libc_nano.a(lib_a-nano-vfprintf_float.o)
                              (_printf_float)
c:/st/stm32cubeide_1.12.1/stm32cubeide/plugins/com.st.stm32cube.ide.mcu.externaltools.gnu-tools-for-stm32.10.3-2021.10.win32_1.0.200.202301161003/tools/bin/../lib/gcc/arm-none-eabi/10.3.1/../../../../arm-none-eabi/lib/thumb/v7e-m+fp/hard\libc_nano.a(lib_a-nano-vfprintf_i.o)
                              c:/st/stm32cubeide_1.12.1/stm32cubeide/plugins/com.st.stm32cube.ide.mcu.externaltools.gnu-tools-for-stm32.10.3-2021.10.win32_1.0.200.202301161003/tools/bin/../lib/gcc/arm-none-eabi/10.3.1/../../../../arm-none-eabi/lib/thumb/v7e-m+fp/hard\libc_nano.a(lib_a-nano-vfprintf_float.o) (_printf_common)
c:/st/stm32cubeide_1.12.1/stm32cubeide/plugins/com.st.stm32cube.ide.mcu.externaltools.gnu-tools-for-stm32.10.3-2021.10.win32_1.0.200.202301161003/tools/bin/../lib/gcc/arm-none-eabi/10.3.1/../../../../arm-none-eabi/lib/thumb/v7e-m+fp/hard\libc_nano.a(lib_a-puts.o)
                              ./Core/Src/main.o (puts)
c:/st/stm32cubeide_1.12.1/stm32cubeide/plugins/com.st.stm32cube.ide.mcu.externaltools.gnu-tools-for-stm32.10.3-2021.10.win32_1.0.200.202301161003/tools/bin/../lib/gcc/arm-none-eabi/10.3.1/../../../../arm-none-eabi/lib/thumb/v7e-m+fp/hard\libc_nano.a(lib_a-snprintf.o)
                              ./Core/Src/ssd1306_tests.o (snprintf)
[...]
Memory Configuration

Name             Origin             Length             Attributes
RAM              0x0000000020000000 0x0000000000018000 xrw
FLASH            0x0000000008000000 0x0000000000080000 xr
*default*        0x0000000000000000 0xffffffffffffffff

Linker script and memory map

LOAD c:/st/stm32cubeide_1.12.1/stm32cubeide/plugins/com.st.stm32cube.ide.mcu.externaltools.gnu-tools-for-stm32.10.3-2021.10.win32_1.0.200.202301161003/tools/bin/../lib/gcc/arm-none-eabi/10.3.1/thumb/v7e-m+fp/hard/crti.o
LOAD c:/st/stm32cubeide_1.12.1/stm32cubeide/plugins/com.st.stm32cube.ide.mcu.externaltools.gnu-tools-for-stm32.10.3-2021.10.win32_1.0.200.202301161003/tools/bin/../lib/gcc/arm-none-eabi/10.3.1/thumb/v7e-m+fp/hard/crtbegin.o
LOAD c:/st/stm32cubeide_1.12.1/stm32cubeide/plugins/com.st.stm32cube.ide.mcu.externaltools.gnu-tools-for-stm32.10.3-2021.10.win32_1.0.200.202301161003/tools/bin/../lib/gcc/arm-none-eabi/10.3.1/../../../../arm-none-eabi/lib/thumb/v7e-m+fp/hard/crt0.o
LOAD ./Core/Librerias/VL53L0X/core/src/vl53l0x_api.o
LOAD ./Core/Librerias/VL53L0X/core/src/vl53l0x_api_calibration.o
LOAD ./Core/Librerias/VL53L0X/core/src/vl53l0x_api_core.o
LOAD ./Core/Librerias/VL53L0X/core/src/vl53l0x_api_ranging.o
LOAD ./Core/Librerias/VL53L0X/core/src/vl53l0x_api_strings.o
LOAD ./Core/Librerias/VL53L0X/lidarvl53.o
LOAD ./Core/Librerias/VL53L0X/platform/src/vl53l0x_platform.o
LOAD ./Core/Librerias/VL53L0X/platform/src/vl53l0x_platform_log.o
LOAD ./Core/Librerias/uart.o
LOAD ./Core/Src/main.o
LOAD ./Core/Src/ssd1306.o
LOAD ./Core/Src/ssd1306_fonts.o
LOAD ./Core/Src/ssd1306_tests.o
LOAD ./Core/Src/stm32f4xx_hal_msp.o
LOAD ./Core/Src/stm32f4xx_it.o
LOAD ./Core/Src/syscalls.o
LOAD ./Core/Src/sysmem.o
LOAD ./Core/Src/system_stm32f4xx.o
LOAD ./Core/Startup/startup_stm32f401retx.o
LOAD ./Drivers/STM32F4xx_HAL_Driver/Src/stm32f4xx_hal.o
LOAD ./Drivers/STM32F4xx_HAL_Driver/Src/stm32f4xx_hal_cortex.o
LOAD ./Drivers/STM32F4xx_HAL_Driver/Src/stm32f4xx_hal_dma.o
LOAD ./Drivers/STM32F4xx_HAL_Driver/Src/stm32f4xx_hal_dma_ex.o
LOAD ./Drivers/STM32F4xx_HAL_Driver/Src/stm32f4xx_hal_exti.o
LOAD ./Drivers/STM32F4xx_HAL_Driver/Src/stm32f4xx_hal_flash.o
LOAD ./Drivers/STM32F4xx_HAL_Driver/Src/stm32f4xx_hal_flash_ex.o
LOAD ./Drivers/STM32F4xx_HAL_Driver/Src/stm32f4xx_hal_flash_ramfunc.o
LOAD ./Drivers/STM32F4xx_HAL_Driver/Src/stm32f4xx_hal_gpio.o
LOAD ./Drivers/STM32F4xx_HAL_Driver/Src/stm32f4xx_hal_i2c.o
LOAD ./Drivers/STM32F4xx_HAL_Driver/Src/stm32f4xx_hal_i2c_ex.o
LOAD ./Drivers/STM32F4xx_HAL_Driver/Src/stm32f4xx_hal_pwr.o
LOAD ./Drivers/STM32F4xx_HAL_Driver/Src/stm32f4xx_hal_pwr_ex.o
LOAD ./Drivers/STM32F4xx_HAL_Driver/Src/stm32f4xx_hal_rcc.o
LOAD ./Drivers/STM32F4xx_HAL_Driver/Src/stm32f4xx_hal_rcc_ex.o
LOAD ./Drivers/STM32F4xx_HAL_Driver/Src/stm32f4xx_hal_tim.o
LOAD ./Drivers/STM32F4xx_HAL_Driver/Src/stm32f4xx_hal_tim_ex.o
LOAD ./Drivers/STM32F4xx_HAL_Driver/Src/stm32f4xx_hal_uart.o
START GROUP
LOAD c:/st/stm32cubeide_1.12.1/stm32cubeide/plugins/com.st.stm32cube.ide.mcu.externaltools.gnu-tools-for-stm32.10.3-2021.10.win32_1.0.200.202301161003/tools/bin/../lib/gcc/arm-none-eabi/10.3.1/../../../../arm-none-eabi/lib/thumb/v7e-m+fp/hard\libc_nano.a
LOAD c:/st/stm32cubeide_1.12.1/stm32cubeide/plugins/com.st.stm32cube.ide.mcu.externaltools.gnu-tools-for-stm32.10.3-2021.10.win32_1.0.200.202301161003/tools/bin/../lib/gcc/arm-none-eabi/10.3.1/../../../../arm-none-eabi/lib/thumb/v7e-m+fp/hard\libm.a
END GROUP
START GROUP
LOAD c:/st/stm32cubeide_1.12.1/stm32cubeide/plugins/com.st.stm32cube.ide.mcu.externaltools.gnu-tools-for-stm32.10.3-2021.10.win32_1.0.200.202301161003/tools/bin/../lib/gcc/arm-none-eabi/10.3.1/thumb/v7e-m+fp/hard\libgcc.a
LOAD c:/st/stm32cubeide_1.12.1/stm32cubeide/plugins/com.st.stm32cube.ide.mcu.externaltools.gnu-tools-for-stm32.10.3-2021.10.win32_1.0.200.202301161003/tools/bin/../lib/gcc/arm-none-eabi/10.3.1/../../../../arm-none-eabi/lib/thumb/v7e-m+fp/hard\libc_nano.a
END GROUP
START GROUP
LOAD c:/st/stm32cubeide_1.12.1/stm32cubeide/plugins/com.st.stm32cube.ide.mcu.externaltools.gnu-tools-for-stm32.10.3-2021.10.win32_1.0.200.202301161003/tools/bin/../lib/gcc/arm-none-eabi/10.3.1/thumb/v7e-m+fp/hard\libgcc.a
LOAD c:/st/stm32cubeide_1.12.1/stm32cubeide/plugins/com.st.stm32cube.ide.mcu.externaltools.gnu-tools-for-stm32.10.3-2021.10.win32_1.0.200.202301161003/tools/bin/../lib/gcc/arm-none-eabi/10.3.1/../../../../arm-none-eabi/lib/thumb/v7e-m+fp/hard\libc_nano.a
LOAD c:/st/stm32cubeide_1.12.1/stm32cubeide/plugins/com.st.stm32cube.ide.mcu.externaltools.gnu-tools-for-stm32.10.3-2021.10.win32_1.0.200.202301161003/tools/bin/../lib/gcc/arm-none-eabi/10.3.1/../../../../arm-none-eabi/lib/thumb/v7e-m+fp/hard\libnosys.a
END GROUP
START GROUP
LOAD c:/st/stm32cubeide_1.12.1/stm32cubeide/plugins/com.st.stm32cube.ide.mcu.externaltools.gnu-tools-for-stm32.10.3-2021.10.win32_1.0.200.202301161003/tools/bin/../lib/gcc/arm-none-eabi/10.3.1/thumb/v7e-m+fp/hard\libgcc.a
LOAD c:/st/stm32cubeide_1.12.1/stm32cubeide/plugins/com.st.stm32cube.ide.mcu.externaltools.gnu-tools-for-stm32.10.3-2021.10.win32_1.0.200.202301161003/tools/bin/../lib/gcc/arm-none-eabi/10.3.1/../../../../arm-none-eabi/lib/thumb/v7e-m+fp/hard\libc_nano.a
LOAD c:/st/stm32cubeide_1.12.1/stm32cubeide/plugins/com.st.stm32cube.ide.mcu.externaltools.gnu-tools-for-stm32.10.3-2021.10.win32_1.0.200.202301161003/tools/bin/../lib/gcc/arm-none-eabi/10.3.1/../../../../arm-none-eabi/lib/thumb/v7e-m+fp/hard\libnosys.a
END GROUP
LOAD c:/st/stm32cubeide_1.12.1/stm32cubeide/plugins/com.st.stm32cube.ide.mcu.externaltools.gnu-tools-for-stm32.10.3-2021.10.win32_1.0.200.202301161003/tools/bin/../lib/gcc/arm-none-eabi/10.3.1/thumb/v7e-m+fp/hard/crtend.o
LOAD c:/st/stm32cubeide_1.12.1/stm32cubeide/plugins/com.st.stm32cube.ide.mcu.externaltools.gnu-tools-for-stm32.10.3-2021.10.win32_1.0.200.202301161003/tools/bin/../lib/gcc/arm-none-eabi/10.3.1/thumb/v7e-m+fp/hard/crtn.o
                0x0000000020018000                _estack = (ORIGIN (RAM) + LENGTH (RAM))
                0x0000000000000200                _Min_Heap_Size = 0x200
                0x0000000000000400                _Min_Stack_Size = 0x400

.isr_vector     0x0000000008000000      0x194
                0x0000000008000000                . = ALIGN (0x4)
 *(.isr_vector)
 .isr_vector    0x0000000008000000      0x194 ./Core/Startup/startup_stm32f401retx.o
                0x0000000008000000                g_pfnVectors
                0x0000000008000194                . = ALIGN (0x4)

.text           0x00000000080001a0     0xc8ac
                0x00000000080001a0                . = ALIGN (0x4)
 *(.text)
 .text          0x00000000080001a0       0x40 c:/st/stm32cubeide_1.12.1/stm32cubeide/plugins/com.st.stm32cube.ide.mcu.externaltools.gnu-tools-for-stm32.10.3-2021.10.win32_1.0.200.202301161003/tools/bin/../lib/gcc/arm-none-eabi/10.3.1/thumb/v7e-m+fp/hard/crtbegin.o
 .text          0x00000000080001e0       0x10 c:/st/stm32cubeide_1.12.1/stm32cubeide/plugins/com.st.stm32cube.ide.mcu.externaltools.gnu-tools-for-stm32.10.3-2021.10.win32_1.0.200.202301161003/tools/bin/../lib/gcc/arm-none-eabi/10.3.1/../../../../arm-none-eabi/lib/thumb/v7e-m+fp/hard\libc_nano.a(lib_a-strlen.o)
                0x00000000080001e0                strlen
 .text          0x00000000080001f0       0xa0 c:/st/stm32cubeide_1.12.1/stm32cubeide/plugins/com.st.stm32cube.ide.mcu.externaltools.gnu-tools-for-stm32.10.3-2021.10.win32_1.0.200.202301161003/tools/bin/../lib/gcc/arm-none-eabi/10.3.1/../../../../arm-none-eabi/lib/thumb/v7e-m+fp/hard\libc_nano.a(lib_a-memchr.o)
                0x00000000080001f0                memchr
 .text          0x0000000008000290      0x378 c:/st/stm32cubeide_1.12.1/stm32cubeide/plugins/com.st.stm32cube.ide.mcu.externaltools.gnu-tools-for-stm32.10.3-2021.10.win32_1.0.200.202301161003/tools/bin/../lib/gcc/arm-none-eabi/10.3.1/thumb/v7e-m+fp/hard\libgcc.a(_arm_addsubdf3.o)
                0x0000000008000290                __aeabi_drsub
                0x0000000008000298                __aeabi_dsub
                0x0000000008000298                __subdf3
                0x000000000800029c                __aeabi_dadd
                0x000000000800029c                __adddf3
                0x0000000008000514                __floatunsidf
                0x0000000008000514                __aeabi_ui2d
                0x0000000008000534                __floatsidf
                0x0000000008000534                __aeabi_i2d
                0x0000000008000558                __aeabi_f2d
                0x0000000008000558                __extendsfdf2
                0x000000000800059c                __floatundidf
                0x000000000800059c                __aeabi_ul2d
                0x00000000080005ac                __floatdidf
                0x00000000080005ac                __aeabi_l2d
 .text          0x0000000008000608      0x424 c:/st/stm32cubeide_1.12.1/stm32cubeide/plugins/com.st.stm32cube.ide.mcu.externaltools.gnu-tools-for-stm32.10.3-2021.10.win32_1.0.200.202301161003/tools/bin/../lib/gcc/arm-none-eabi/10.3.1/thumb/v7e-m+fp/hard\libgcc.a(_arm_muldivdf3.o)
                0x0000000008000608                __aeabi_dmul
                0x0000000008000608                __muldf3
                0x000000000800085c                __divdf3
                0x000000000800085c                __aeabi_ddiv
 .text          0x0000000008000a2c      0x110 c:/st/stm32cubeide_1.12.1/stm32cubeide/plugins/com.st.stm32cube.ide.mcu.externaltools.gnu-tools-for-stm32.10.3-2021.10.win32_1.0.200.202301161003/tools/bin/../lib/gcc/arm-none-eabi/10.3.1/thumb/v7e-m+fp/hard\libgcc.a(_arm_cmpdf2.o)
                0x0000000008000a2c                __gtdf2
                0x0000000008000a2c                __gedf2
                0x0000000008000a34                __ltdf2
                0x0000000008000a34                __ledf2
                0x0000000008000a3c                __nedf2
                0x0000000008000a3c                __eqdf2
                0x0000000008000a3c                __cmpdf2
                0x0000000008000ab8                __aeabi_cdrcmple
                0x0000000008000ac8                __aeabi_cdcmpeq
                0x0000000008000ac8                __aeabi_cdcmple
                0x0000000008000ad8                __aeabi_dcmpeq
                0x0000000008000aec                __aeabi_dcmplt
                0x0000000008000b00                __aeabi_dcmple
                0x0000000008000b14                __aeabi_dcmpge
                0x0000000008000b28                __aeabi_dcmpgt
 .text          0x0000000008000b3c       0x2c c:/st/stm32cubeide_1.12.1/stm32cubeide/plugins/com.st.stm32cube.ide.mcu.externaltools.gnu-tools-for-stm32.10.3-2021.10.win32_1.0.200.202301161003/tools/bin/../lib/gcc/arm-none-eabi/10.3.1/thumb/v7e-m+fp/hard\libgcc.a(_arm_unorddf2.o)
                0x0000000008000b3c                __unorddf2
                0x0000000008000b3c                __aeabi_dcmpun
 .text          0x0000000008000b68       0x50 c:/st/stm32cubeide_1.12.1/stm32cubeide/plugins/com.st.stm32cube.ide.mcu.externaltools.gnu-tools-for-stm32.10.3-2021.10.win32_1.0.200.202301161003/tools/bin/../lib/gcc/arm-none-eabi/10.3.1/thumb/v7e-m+fp/hard\libgcc.a(_arm_fixdfsi.o)
                0x0000000008000b68                __aeabi_d2iz
                0x0000000008000b68                __fixdfsi
 .text          0x0000000008000bb8       0x30 c:/st/stm32cubeide_1.12.1/stm32cubeide/plugins/com.st.stm32cube.ide.mcu.externaltools.gnu-tools-for-stm32.10.3-2021.10.win32_1.0.200.202301161003/tools/bin/../lib/gcc/arm-none-eabi/10.3.1/thumb/v7e-m+fp/hard\libgcc.a(_aeabi_uldivmod.o)
                0x0000000008000bb8                __aeabi_uldivmod
 .text          0x0000000008000be8      0x2d0 c:/st/stm32cubeide_1.12.1/stm32cubeide/plugins/com.st.stm32cube.ide.mcu.externaltools.gnu-tools-for-stm32.10.3-2021.10.win32_1.0.200.202301161003/tools/bin/../lib/gcc/arm-none-eabi/10.3.1/thumb/v7e-m+fp/hard\libgcc.a(_udivmoddi4.o)
                0x0000000008000be8                __udivmoddi4
 .text          0x0000000008000eb8        0x4 c:/st/stm32cubeide_1.12.1/stm32cubeide/plugins/com.st.stm32cube.ide.mcu.externaltools.gnu-tools-for-stm32.10.3-2021.10.win32_1.0.200.202301161003/tools/bin/../lib/gcc/arm-none-eabi/10.3.1/thumb/v7e-m+fp/hard\libgcc.a(_dvmd_tls.o)
                0x0000000008000eb8                __aeabi_idiv0
                0x0000000008000eb8                __aeabi_ldiv0
 *(.text*)
 .text.VL53L0X_GetOffsetCalibrationDataMicroMeter
                0x0000000008000ebc       0x26 ./Core/Librerias/VL53L0X/core/src/vl53l0x_api.o
                0x0000000008000ebc                VL53L0X_GetOffsetCalibrationDataMicroMeter
 *fill*         0x0000000008000ee2        0x2 
 .text.VL53L0X_DataInit
                0x0000000008000ee4      0x2c8 ./Core/Librerias/VL53L0X/core/src/vl53l0x_api.o
                0x0000000008000ee4                VL53L0X_DataInit
 .text.VL53L0X_StaticInit
                0x00000000080011ac      0x304 ./Core/Librerias/VL53L0X/core/src/vl53l0x_api.o
                0x00000000080011ac                VL53L0X_StaticInit
 .text.VL53L0X_WaitDeviceBooted
                0x00000000080014b0       0x1c ./Core/Librerias/VL53L0X/core/src/vl53l0x_api.o
                0x00000000080014b0                VL53L0X_WaitDeviceBooted
 .text.VL53L0X_GetDeviceParameters
                0x00000000080014cc      0x120 ./Core/Librerias/VL53L0X/core/src/vl53l0x_api.o
                0x00000000080014cc                VL53L0X_GetDeviceParameters
 .text.VL53L0X_SetDeviceMode
                0x00000000080015ec       0x58 ./Core/Librerias/VL53L0X/core/src/vl53l0x_api.o
                0x00000000080015ec                VL53L0X_SetDeviceMode
 .text.VL53L0X_GetDeviceMode
                0x0000000008001644       0x26 ./Core/Librerias/VL53L0X/core/src/vl53l0x_api.o
                0x0000000008001644                VL53L0X_GetDeviceMode
 .text.VL53L0X_GetFractionEnable
                0x000000000800166a       0x3e ./Core/Librerias/VL53L0X/core/src/vl53l0x_api.o
                0x000000000800166a                VL53L0X_GetFractionEnable
 .text.VL53L0X_SetMeasurementTimingBudgetMicroSeconds
                0x00000000080016a8       0x26 ./Core/Librerias/VL53L0X/core/src/vl53l0x_api.o
                0x00000000080016a8                VL53L0X_SetMeasurementTimingBudgetMicroSeconds
 .text.VL53L0X_GetMeasurementTimingBudgetMicroSeconds
                0x00000000080016ce       0x26 ./Core/Librerias/VL53L0X/core/src/vl53l0x_api.o
                0x00000000080016ce                VL53L0X_GetMeasurementTimingBudgetMicroSeconds
 .text.VL53L0X_SetVcselPulsePeriod
                0x00000000080016f4       0x30 ./Core/Librerias/VL53L0X/core/src/vl53l0x_api.o
                0x00000000080016f4                VL53L0X_SetVcselPulsePeriod
 .text.VL53L0X_GetVcselPulsePeriod
                0x0000000008001724       0x2e ./Core/Librerias/VL53L0X/core/src/vl53l0x_api.o
                0x0000000008001724                VL53L0X_GetVcselPulsePeriod
 *fill*         0x0000000008001752        0x2 
 .text.VL53L0X_SetSequenceStepEnable
                0x0000000008001754      0x144 ./Core/Librerias/VL53L0X/core/src/vl53l0x_api.o
                0x0000000008001754                VL53L0X_SetSequenceStepEnable
 .text.sequence_step_enabled
                0x0000000008001898       0xa4 ./Core/Librerias/VL53L0X/core/src/vl53l0x_api.o
                0x0000000008001898                sequence_step_enabled
 .text.VL53L0X_GetSequenceStepEnables
                0x000000000800193c       0xb0 ./Core/Librerias/VL53L0X/core/src/vl53l0x_api.o
                0x000000000800193c                VL53L0X_GetSequenceStepEnables
 .text.VL53L0X_GetInterMeasurementPeriodMilliSeconds
                0x00000000080019ec       0x68 ./Core/Librerias/VL53L0X/core/src/vl53l0x_api.o
                0x00000000080019ec                VL53L0X_GetInterMeasurementPeriodMilliSeconds
 .text.VL53L0X_GetXTalkCompensationEnable
                0x0000000008001a54       0x2a ./Core/Librerias/VL53L0X/core/src/vl53l0x_api.o
                0x0000000008001a54                VL53L0X_GetXTalkCompensationEnable
 .text.VL53L0X_GetXTalkCompensationRateMegaCps
                0x0000000008001a7e       0x66 ./Core/Librerias/VL53L0X/core/src/vl53l0x_api.o
                0x0000000008001a7e                VL53L0X_GetXTalkCompensationRateMegaCps
 .text.VL53L0X_SetLimitCheckEnable
                0x0000000008001ae4      0x118 ./Core/Librerias/VL53L0X/core/src/vl53l0x_api.o
                0x0000000008001ae4                VL53L0X_SetLimitCheckEnable
 .text.VL53L0X_GetLimitCheckEnable
                0x0000000008001bfc       0x46 ./Core/Librerias/VL53L0X/core/src/vl53l0x_api.o
                0x0000000008001bfc                VL53L0X_GetLimitCheckEnable
 *fill*         0x0000000008001c42        0x2 
 .text.VL53L0X_SetLimitCheckValue
                0x0000000008001c44       0xc4 ./Core/Librerias/VL53L0X/core/src/vl53l0x_api.o
                0x0000000008001c44                VL53L0X_SetLimitCheckValue
 .text.VL53L0X_GetLimitCheckValue
                0x0000000008001d08      0x11c ./Core/Librerias/VL53L0X/core/src/vl53l0x_api.o
                0x0000000008001d08                VL53L0X_GetLimitCheckValue
 .text.VL53L0X_GetWrapAroundCheckEnable
                0x0000000008001e24       0x64 ./Core/Librerias/VL53L0X/core/src/vl53l0x_api.o
                0x0000000008001e24                VL53L0X_GetWrapAroundCheckEnable
 .text.VL53L0X_PerformSingleMeasurement
                0x0000000008001e88       0x68 ./Core/Librerias/VL53L0X/core/src/vl53l0x_api.o
                0x0000000008001e88                VL53L0X_PerformSingleMeasurement
 .text.VL53L0X_PerformRefCalibration
                0x0000000008001ef0       0x2c ./Core/Librerias/VL53L0X/core/src/vl53l0x_api.o
                0x0000000008001ef0                VL53L0X_PerformRefCalibration
 .text.VL53L0X_CheckAndLoadInterruptSettings
                0x0000000008001f1c       0xcc ./Core/Librerias/VL53L0X/core/src/vl53l0x_api.o
                0x0000000008001f1c                VL53L0X_CheckAndLoadInterruptSettings
 .text.VL53L0X_StartMeasurement
                0x0000000008001fe8      0x184 ./Core/Librerias/VL53L0X/core/src/vl53l0x_api.o
                0x0000000008001fe8                VL53L0X_StartMeasurement
 .text.VL53L0X_GetMeasurementDataReady
                0x000000000800216c       0x80 ./Core/Librerias/VL53L0X/core/src/vl53l0x_api.o
                0x000000000800216c                VL53L0X_GetMeasurementDataReady
 .text.VL53L0X_GetRangingMeasurementData
                0x00000000080021ec      0x248 ./Core/Librerias/VL53L0X/core/src/vl53l0x_api.o
                0x00000000080021ec                VL53L0X_GetRangingMeasurementData
 .text.VL53L0X_PerformSingleRangingMeasurement
                0x0000000008002434       0x60 ./Core/Librerias/VL53L0X/core/src/vl53l0x_api.o
                0x0000000008002434                VL53L0X_PerformSingleRangingMeasurement
 .text.VL53L0X_SetGpioConfig
                0x0000000008002494      0x248 ./Core/Librerias/VL53L0X/core/src/vl53l0x_api.o
                0x0000000008002494                VL53L0X_SetGpioConfig
 .text.VL53L0X_GetInterruptThresholds
                0x00000000080026dc       0x6c ./Core/Librerias/VL53L0X/core/src/vl53l0x_api.o
                0x00000000080026dc                VL53L0X_GetInterruptThresholds
 .text.VL53L0X_ClearInterruptMask
                0x0000000008002748       0x80 ./Core/Librerias/VL53L0X/core/src/vl53l0x_api.o
                0x0000000008002748                VL53L0X_ClearInterruptMask
 .text.VL53L0X_GetInterruptMaskStatus
                0x00000000080027c8       0x44 ./Core/Librerias/VL53L0X/core/src/vl53l0x_api.o
                0x00000000080027c8                VL53L0X_GetInterruptMaskStatus
 .text.VL53L0X_PerformRefSpadManagement
                0x000000000800280c       0x2a ./Core/Librerias/VL53L0X/core/src/vl53l0x_api.o
                0x000000000800280c                VL53L0X_PerformRefSpadManagement
 .text.VL53L0X_get_offset_calibration_data_micro_meter
                0x0000000008002836       0x7e ./Core/Librerias/VL53L0X/core/src/vl53l0x_api_calibration.o
                0x0000000008002836                VL53L0X_get_offset_calibration_data_micro_meter
 .text.get_next_good_spad
                0x00000000080028b4       0xbc ./Core/Librerias/VL53L0X/core/src/vl53l0x_api_calibration.o
                0x00000000080028b4                get_next_good_spad
 .text.is_aperture
                0x0000000008002970       0x34 ./Core/Librerias/VL53L0X/core/src/vl53l0x_api_calibration.o
                0x0000000008002970                is_aperture
 .text.enable_spad_bit
                0x00000000080029a4       0x70 ./Core/Librerias/VL53L0X/core/src/vl53l0x_api_calibration.o
                0x00000000080029a4                enable_spad_bit
 .text.set_ref_spad_map
                0x0000000008002a14       0x26 ./Core/Librerias/VL53L0X/core/src/vl53l0x_api_calibration.o
                0x0000000008002a14                set_ref_spad_map
 .text.get_ref_spad_map
                0x0000000008002a3a       0x26 ./Core/Librerias/VL53L0X/core/src/vl53l0x_api_calibration.o
                0x0000000008002a3a                get_ref_spad_map
 .text.enable_ref_spads
                0x0000000008002a60       0xf8 ./Core/Librerias/VL53L0X/core/src/vl53l0x_api_calibration.o
                0x0000000008002a60                enable_ref_spads
 .text.perform_ref_signal_measurement
                0x0000000008002b58       0xd4 ./Core/Librerias/VL53L0X/core/src/vl53l0x_api_calibration.o
                0x0000000008002b58                perform_ref_signal_measurement
 .text.VL53L0X_perform_ref_spad_management
                0x0000000008002c2c      0x418 ./Core/Librerias/VL53L0X/core/src/vl53l0x_api_calibration.o
                0x0000000008002c2c                VL53L0X_perform_ref_spad_management
 .text.VL53L0X_set_reference_spads
                0x0000000008003044      0x14a ./Core/Librerias/VL53L0X/core/src/vl53l0x_api_calibration.o
                0x0000000008003044                VL53L0X_set_reference_spads
 .text.VL53L0X_perform_single_ref_calibration
                0x000000000800318e       0x76 ./Core/Librerias/VL53L0X/core/src/vl53l0x_api_calibration.o
                0x000000000800318e                VL53L0X_perform_single_ref_calibration
 .text.VL53L0X_ref_calibration_io
                0x0000000008003204      0x132 ./Core/Librerias/VL53L0X/core/src/vl53l0x_api_calibration.o
                0x0000000008003204                VL53L0X_ref_calibration_io
 .text.VL53L0X_perform_vhv_calibration
                0x0000000008003336       0xce ./Core/Librerias/VL53L0X/core/src/vl53l0x_api_calibration.o
                0x0000000008003336                VL53L0X_perform_vhv_calibration
 .text.VL53L0X_perform_phase_calibration
                0x0000000008003404       0xca ./Core/Librerias/VL53L0X/core/src/vl53l0x_api_calibration.o
                0x0000000008003404                VL53L0X_perform_phase_calibration
 .text.VL53L0X_perform_ref_calibration
                0x00000000080034ce       0x7a ./Core/Librerias/VL53L0X/core/src/vl53l0x_api_calibration.o
                0x00000000080034ce                VL53L0X_perform_ref_calibration
 .text.VL53L0X_measurement_poll_for_completion
                0x0000000008003548       0x60 ./Core/Librerias/VL53L0X/core/src/vl53l0x_api_core.o
                0x0000000008003548                VL53L0X_measurement_poll_for_completion
 .text.VL53L0X_decode_vcsel_period
                0x00000000080035a8       0x26 ./Core/Librerias/VL53L0X/core/src/vl53l0x_api_core.o
                0x00000000080035a8                VL53L0X_decode_vcsel_period
 .text.VL53L0X_encode_vcsel_period
                0x00000000080035ce       0x26 ./Core/Librerias/VL53L0X/core/src/vl53l0x_api_core.o
                0x00000000080035ce                VL53L0X_encode_vcsel_period
 .text.VL53L0X_isqrt
                0x00000000080035f4       0x68 ./Core/Librerias/VL53L0X/core/src/vl53l0x_api_core.o
                0x00000000080035f4                VL53L0X_isqrt
 .text.VL53L0X_device_read_strobe
                0x000000000800365c       0x86 ./Core/Librerias/VL53L0X/core/src/vl53l0x_api_core.o
                0x000000000800365c                VL53L0X_device_read_strobe
 .text.VL53L0X_get_info_from_device
                0x00000000080036e2      0x99a ./Core/Librerias/VL53L0X/core/src/vl53l0x_api_core.o
                0x00000000080036e2                VL53L0X_get_info_from_device
 .text.VL53L0X_calc_macro_period_ps
                0x000000000800407c       0x3c ./Core/Librerias/VL53L0X/core/src/vl53l0x_api_core.o
                0x000000000800407c                VL53L0X_calc_macro_period_ps
 .text.VL53L0X_encode_timeout
                0x00000000080040b8       0x58 ./Core/Librerias/VL53L0X/core/src/vl53l0x_api_core.o
                0x00000000080040b8                VL53L0X_encode_timeout
 .text.VL53L0X_decode_timeout
                0x0000000008004110       0x2c ./Core/Librerias/VL53L0X/core/src/vl53l0x_api_core.o
                0x0000000008004110                VL53L0X_decode_timeout
 .text.VL53L0X_calc_timeout_mclks
                0x000000000800413c       0x54 ./Core/Librerias/VL53L0X/core/src/vl53l0x_api_core.o
                0x000000000800413c                VL53L0X_calc_timeout_mclks
 .text.VL53L0X_calc_timeout_us
                0x0000000008004190       0x54 ./Core/Librerias/VL53L0X/core/src/vl53l0x_api_core.o
                0x0000000008004190                VL53L0X_calc_timeout_us
 .text.get_sequence_step_timeout
                0x00000000080041e4      0x1c2 ./Core/Librerias/VL53L0X/core/src/vl53l0x_api_core.o
                0x00000000080041e4                get_sequence_step_timeout
 .text.set_sequence_step_timeout
                0x00000000080043a6      0x1e4 ./Core/Librerias/VL53L0X/core/src/vl53l0x_api_core.o
                0x00000000080043a6                set_sequence_step_timeout
 .text.VL53L0X_set_vcsel_pulse_period
                0x000000000800458a      0x512 ./Core/Librerias/VL53L0X/core/src/vl53l0x_api_core.o
                0x000000000800458a                VL53L0X_set_vcsel_pulse_period
 .text.VL53L0X_get_vcsel_pulse_period
                0x0000000008004a9c       0x6e ./Core/Librerias/VL53L0X/core/src/vl53l0x_api_core.o
                0x0000000008004a9c                VL53L0X_get_vcsel_pulse_period
 .text.VL53L0X_set_measurement_timing_budget_micro_seconds
                0x0000000008004b0a      0x1c0 ./Core/Librerias/VL53L0X/core/src/vl53l0x_api_core.o
                0x0000000008004b0a                VL53L0X_set_measurement_timing_budget_micro_seconds
 .text.VL53L0X_get_measurement_timing_budget_micro_seconds
                0x0000000008004cca      0x162 ./Core/Librerias/VL53L0X/core/src/vl53l0x_api_core.o
                0x0000000008004cca                VL53L0X_get_measurement_timing_budget_micro_seconds
 .text.VL53L0X_load_tuning_settings
                0x0000000008004e2c      0x1c4 ./Core/Librerias/VL53L0X/core/src/vl53l0x_api_core.o
                0x0000000008004e2c                VL53L0X_load_tuning_settings
 .text.VL53L0X_get_total_xtalk_rate
                0x0000000008004ff0       0x5e ./Core/Librerias/VL53L0X/core/src/vl53l0x_api_core.o
                0x0000000008004ff0                VL53L0X_get_total_xtalk_rate
 .text.VL53L0X_get_total_signal_rate
                0x000000000800504e       0x4a ./Core/Librerias/VL53L0X/core/src/vl53l0x_api_core.o
                0x000000000800504e                VL53L0X_get_total_signal_rate
 .text.VL53L0X_calc_dmax
                0x0000000008005098      0x238 ./Core/Librerias/VL53L0X/core/src/vl53l0x_api_core.o
                0x0000000008005098                VL53L0X_calc_dmax
 .text.VL53L0X_calc_sigma_estimate
                0x00000000080052d0      0x498 ./Core/Librerias/VL53L0X/core/src/vl53l0x_api_core.o
                0x00000000080052d0                VL53L0X_calc_sigma_estimate
 .text.VL53L0X_get_pal_range_status
                0x0000000008005768      0x3b6 ./Core/Librerias/VL53L0X/core/src/vl53l0x_api_core.o
                0x0000000008005768                VL53L0X_get_pal_range_status
 *fill*         0x0000000008005b1e        0x2 
 .text.lidar_init
                0x0000000008005b20      0x100 ./Core/Librerias/VL53L0X/lidarvl53.o
                0x0000000008005b20                lidar_init
 .text.lidar_lee_mm
                0x0000000008005c20       0x48 ./Core/Librerias/VL53L0X/lidarvl53.o
                0x0000000008005c20                lidar_lee_mm
 .text._I2CWrite
                0x0000000008005c68       0x3e ./Core/Librerias/VL53L0X/platform/src/vl53l0x_platform.o
                0x0000000008005c68                _I2CWrite
 .text._I2CRead
                0x0000000008005ca6       0x44 ./Core/Librerias/VL53L0X/platform/src/vl53l0x_platform.o
                0x0000000008005ca6                _I2CRead
 *fill*         0x0000000008005cea        0x2 
 .text.VL53L0X_WriteMulti
                0x0000000008005cec       0x60 ./Core/Librerias/VL53L0X/platform/src/vl53l0x_platform.o
                0x0000000008005cec                VL53L0X_WriteMulti
 .text.VL53L0X_ReadMulti
                0x0000000008005d4c       0x56 ./Core/Librerias/VL53L0X/platform/src/vl53l0x_platform.o
                0x0000000008005d4c                VL53L0X_ReadMulti
 *fill*         0x0000000008005da2        0x2 
 .text.VL53L0X_WrByte
                0x0000000008005da4       0x48 ./Core/Librerias/VL53L0X/platform/src/vl53l0x_platform.o
                0x0000000008005da4                VL53L0X_WrByte
 .text.VL53L0X_WrWord
                0x0000000008005dec       0x54 ./Core/Librerias/VL53L0X/platform/src/vl53l0x_platform.o
                0x0000000008005dec                VL53L0X_WrWord
 .text.VL53L0X_UpdateByte
                0x0000000008005e40       0x68 ./Core/Librerias/VL53L0X/platform/src/vl53l0x_platform.o
                0x0000000008005e40                VL53L0X_UpdateByte
 .text.VL53L0X_RdByte
                0x0000000008005ea8       0x54 ./Core/Librerias/VL53L0X/platform/src/vl53l0x_platform.o
                0x0000000008005ea8                VL53L0X_RdByte
 .text.VL53L0X_RdWord
                0x0000000008005efc       0x70 ./Core/Librerias/VL53L0X/platform/src/vl53l0x_platform.o
                0x0000000008005efc                VL53L0X_RdWord
 .text.VL53L0X_RdDWord
                0x0000000008005f6c       0x78 ./Core/Librerias/VL53L0X/platform/src/vl53l0x_platform.o
                0x0000000008005f6c                VL53L0X_RdDWord
 .text.VL53L0X_PollingDelay
                0x0000000008005fe4       0x1e ./Core/Librerias/VL53L0X/platform/src/vl53l0x_platform.o
                0x0000000008005fe4                VL53L0X_PollingDelay
 .text.uartx_write
                0x0000000008006002       0x22 ./Core/Librerias/uart.o
                0x0000000008006002                uartx_write
 .text.uartx_write_text
                0x0000000008006024       0x2e ./Core/Librerias/uart.o
                0x0000000008006024                uartx_write_text
 *fill*         0x0000000008006052        0x2 
 .text.main     0x0000000008006054      0x13c ./Core/Src/main.o
                0x0000000008006054                main
 .text.chequeoPulsador
                0x0000000008006190      0x108 ./Core/Src/main.o
                0x0000000008006190                chequeoPulsador
 .text.calibracion_100mm
                0x0000000008006298      0x178 ./Core/Src/main.o
                0x0000000008006298                calibracion_100mm
 .text.calibracion_1900mm
                0x0000000008006410      0x178 ./Core/Src/main.o
                0x0000000008006410                calibracion_1900mm
 .text.Factor_Calibracion
                0x0000000008006588       0x84 ./Core/Src/main.o
                0x0000000008006588                Factor_Calibracion
 .text.SystemClock_Config
                0x000000000800660c       0xd8 ./Core/Src/main.o
                0x000000000800660c                SystemClock_Config
 .text.MX_I2C1_Init
                0x00000000080066e4       0x5c ./Core/Src/main.o
 .text.MX_I2C3_Init
                0x0000000008006740       0x5c ./Core/Src/main.o
 .text.MX_USART2_UART_Init
                0x000000000800679c       0x54 ./Core/Src/main.o
 .text.MX_GPIO_Init
                0x00000000080067f0       0xdc ./Core/Src/main.o
 .text.Error_Handler
                0x00000000080068cc        0xa ./Core/Src/main.o
                0x00000000080068cc                Error_Handler
 .text.ssd1306_Reset
                0x00000000080068d6        0xe ./Core/Src/ssd1306.o
                0x00000000080068d6                ssd1306_Reset
 .text.ssd1306_WriteCommand
                0x00000000080068e4       0x30 ./Core/Src/ssd1306.o
                0x00000000080068e4                ssd1306_WriteCommand
 .text.ssd1306_WriteData
                0x0000000008006914       0x34 ./Core/Src/ssd1306.o
                0x0000000008006914                ssd1306_WriteData
 .text.ssd1306_Init
                0x0000000008006948       0xd4 ./Core/Src/ssd1306.o
                0x0000000008006948                ssd1306_Init
 .text.ssd1306_Fill
                0x0000000008006a1c       0x30 ./Core/Src/ssd1306.o
                0x0000000008006a1c                ssd1306_Fill
 .text.ssd1306_UpdateScreen
                0x0000000008006a4c       0x50 ./Core/Src/ssd1306.o
                0x0000000008006a4c                ssd1306_UpdateScreen
 .text.ssd1306_DrawPixel
                0x0000000008006a9c       0xa8 ./Core/Src/ssd1306.o
                0x0000000008006a9c                ssd1306_DrawPixel
 .text.ssd1306_WriteChar
                0x0000000008006b44      0x110 ./Core/Src/ssd1306.o
                0x0000000008006b44                ssd1306_WriteChar
 .text.ssd1306_WriteString
                0x0000000008006c54       0x4c ./Core/Src/ssd1306.o
                0x0000000008006c54                ssd1306_WriteString
 .text.ssd1306_SetCursor
                0x0000000008006ca0       0x30 ./Core/Src/ssd1306.o
                0x0000000008006ca0                ssd1306_SetCursor
 .text.ssd1306_SetContrast
                0x0000000008006cd0       0x26 ./Core/Src/ssd1306.o
                0x0000000008006cd0                ssd1306_SetContrast
 *fill*         0x0000000008006cf6        0x2 
 .text.ssd1306_SetDisplayOn
                0x0000000008006cf8       0x3c ./Core/Src/ssd1306.o
                0x0000000008006cf8                ssd1306_SetDisplayOn
 .text.HAL_MspInit
                0x0000000008006d34       0x50 ./Core/Src/stm32f4xx_hal_msp.o
                0x0000000008006d34                HAL_MspInit
 .text.HAL_I2C_MspInit
                0x0000000008006d84      0x140 ./Core/Src/stm32f4xx_hal_msp.o
                0x0000000008006d84                HAL_I2C_MspInit
 .text.HAL_UART_MspInit
                0x0000000008006ec4       0x90 ./Core/Src/stm32f4xx_hal_msp.o
                0x0000000008006ec4                HAL_UART_MspInit
 .text.NMI_Handler
                0x0000000008006f54        0x6 ./Core/Src/stm32f4xx_it.o
                0x0000000008006f54                NMI_Handler
 .text.HardFault_Handler
                0x0000000008006f5a        0x6 ./Core/Src/stm32f4xx_it.o
                0x0000000008006f5a                HardFault_Handler
 .text.MemManage_Handler
                0x0000000008006f60        0x6 ./Core/Src/stm32f4xx_it.o
                0x0000000008006f60                MemManage_Handler
 .text.BusFault_Handler
                0x0000000008006f66        0x6 ./Core/Src/stm32f4xx_it.o
                0x0000000008006f66                BusFault_Handler
 .text.UsageFault_Handler
                0x0000000008006f6c        0x6 ./Core/Src/stm32f4xx_it.o
                0x0000000008006f6c                UsageFault_Handler
 .text.SVC_Handler
                0x0000000008006f72        0xe ./Core/Src/stm32f4xx_it.o
                0x0000000008006f72                SVC_Handler
 .text.DebugMon_Handler
                0x0000000008006f80        0xe ./Core/Src/stm32f4xx_it.o
                0x0000000008006f80                DebugMon_Handler
 .text.PendSV_Handler
                0x0000000008006f8e        0xe ./Core/Src/stm32f4xx_it.o
                0x0000000008006f8e                PendSV_Handler
 .text.SysTick_Handler
                0x0000000008006f9c        0xc ./Core/Src/stm32f4xx_it.o
                0x0000000008006f9c                SysTick_Handler
 .text._getpid  0x0000000008006fa8       0x10 ./Core/Src/syscalls.o
                0x0000000008006fa8                _getpid
 .text._kill    0x0000000008006fb8       0x20 ./Core/Src/syscalls.o
                0x0000000008006fb8                _kill
 .text._exit    0x0000000008006fd8       0x14 ./Core/Src/syscalls.o
                0x0000000008006fd8                _exit
 .text._read    0x0000000008006fec       0x3a ./Core/Src/syscalls.o
                0x0000000008006fec                _read
 .text._write   0x0000000008007026       0x38 ./Core/Src/syscalls.o
                0x0000000008007026                _write
 .text._close   0x000000000800705e       0x18 ./Core/Src/syscalls.o
                0x000000000800705e                _close
 .text._fstat   0x0000000008007076       0x20 ./Core/Src/syscalls.o
                0x0000000008007076                _fstat
 .text._isatty  0x0000000008007096       0x16 ./Core/Src/syscalls.o
                0x0000000008007096                _isatty
 .text._lseek   0x00000000080070ac       0x1a ./Core/Src/syscalls.o
                0x00000000080070ac                _lseek
 *fill*         0x00000000080070c6        0x2 
 .text._sbrk    0x00000000080070c8       0x6c ./Core/Src/sysmem.o
                0x00000000080070c8                _sbrk
 .text.SystemInit
                0x0000000008007134       0x24 ./Core/Src/system_stm32f4xx.o
                0x0000000008007134                SystemInit
 .text.Reset_Handler
                0x0000000008007158       0x50 ./Core/Startup/startup_stm32f401retx.o
                0x0000000008007158                Reset_Handler
 .text.Default_Handler
                0x00000000080071a8        0x2 ./Core/Startup/startup_stm32f401retx.o
                0x00000000080071a8                RTC_Alarm_IRQHandler
                0x00000000080071a8                EXTI2_IRQHandler
                0x00000000080071a8                SPI4_IRQHandler
                0x00000000080071a8                TIM1_CC_IRQHandler
                0x00000000080071a8                DMA2_Stream5_IRQHandler
                0x00000000080071a8                DMA1_Stream5_IRQHandler
                0x00000000080071a8                PVD_IRQHandler
                0x00000000080071a8                SDIO_IRQHandler
                0x00000000080071a8                TAMP_STAMP_IRQHandler
                0x00000000080071a8                EXTI3_IRQHandler
                0x00000000080071a8                TIM1_UP_TIM10_IRQHandler
                0x00000000080071a8                I2C3_ER_IRQHandler
                0x00000000080071a8                EXTI0_IRQHandler
                0x00000000080071a8                I2C2_EV_IRQHandler
                0x00000000080071a8                DMA1_Stream2_IRQHandler
                0x00000000080071a8                FPU_IRQHandler
                0x00000000080071a8                DMA2_Stream2_IRQHandler
                0x00000000080071a8                SPI1_IRQHandler
                0x00000000080071a8                TIM1_BRK_TIM9_IRQHandler
                0x00000000080071a8                DMA2_Stream3_IRQHandler
                0x00000000080071a8                USART6_IRQHandler
                0x00000000080071a8                DMA2_Stream0_IRQHandler
                0x00000000080071a8                TIM4_IRQHandler
                0x00000000080071a8                I2C1_EV_IRQHandler
                0x00000000080071a8                DMA1_Stream6_IRQHandler
                0x00000000080071a8                DMA1_Stream1_IRQHandler
                0x00000000080071a8                TIM3_IRQHandler
                0x00000000080071a8                RCC_IRQHandler
                0x00000000080071a8                Default_Handler
                0x00000000080071a8                EXTI15_10_IRQHandler
                0x00000000080071a8                ADC_IRQHandler
                0x00000000080071a8                DMA1_Stream7_IRQHandler
                0x00000000080071a8                TIM5_IRQHandler
                0x00000000080071a8                DMA2_Stream7_IRQHandler
                0x00000000080071a8                I2C3_EV_IRQHandler
                0x00000000080071a8                EXTI9_5_IRQHandler
                0x00000000080071a8                RTC_WKUP_IRQHandler
                0x00000000080071a8                SPI2_IRQHandler
                0x00000000080071a8                DMA1_Stream0_IRQHandler
                0x00000000080071a8                EXTI4_IRQHandler
                0x00000000080071a8                WWDG_IRQHandler
                0x00000000080071a8                TIM2_IRQHandler
                0x00000000080071a8                OTG_FS_WKUP_IRQHandler
                0x00000000080071a8                TIM1_TRG_COM_TIM11_IRQHandler
                0x00000000080071a8                EXTI1_IRQHandler
                0x00000000080071a8                USART2_IRQHandler
                0x00000000080071a8                I2C2_ER_IRQHandler
                0x00000000080071a8                DMA2_Stream1_IRQHandler
                0x00000000080071a8                FLASH_IRQHandler
                0x00000000080071a8                DMA2_Stream4_IRQHandler
                0x00000000080071a8                USART1_IRQHandler
                0x00000000080071a8                OTG_FS_IRQHandler
                0x00000000080071a8                SPI3_IRQHandler
                0x00000000080071a8                DMA1_Stream4_IRQHandler
                0x00000000080071a8                I2C1_ER_IRQHandler
                0x00000000080071a8                DMA2_Stream6_IRQHandler
                0x00000000080071a8                DMA1_Stream3_IRQHandler
 *fill*         0x00000000080071aa        0x2 
 .text.HAL_Init
                0x00000000080071ac       0x44 ./Drivers/STM32F4xx_HAL_Driver/Src/stm32f4xx_hal.o
                0x00000000080071ac                HAL_Init
 .text.HAL_InitTick
                0x00000000080071f0       0x60 ./Drivers/STM32F4xx_HAL_Driver/Src/stm32f4xx_hal.o
                0x00000000080071f0                HAL_InitTick
 .text.HAL_IncTick
                0x0000000008007250       0x28 ./Drivers/STM32F4xx_HAL_Driver/Src/stm32f4xx_hal.o
                0x0000000008007250                HAL_IncTick
 .text.HAL_GetTick
                0x0000000008007278       0x18 ./Drivers/STM32F4xx_HAL_Driver/Src/stm32f4xx_hal.o
                0x0000000008007278                HAL_GetTick
 .text.HAL_Delay
                0x0000000008007290       0x48 ./Drivers/STM32F4xx_HAL_Driver/Src/stm32f4xx_hal.o
                0x0000000008007290                HAL_Delay
 .text.__NVIC_SetPriorityGrouping
                0x00000000080072d8       0x48 ./Drivers/STM32F4xx_HAL_Driver/Src/stm32f4xx_hal_cortex.o
 .text.__NVIC_GetPriorityGrouping
                0x0000000008007320       0x1c ./Drivers/STM32F4xx_HAL_Driver/Src/stm32f4xx_hal_cortex.o
 .text.__NVIC_SetPriority
                0x000000000800733c       0x54 ./Drivers/STM32F4xx_HAL_Driver/Src/stm32f4xx_hal_cortex.o
 .text.NVIC_EncodePriority
                0x0000000008007390       0x66 ./Drivers/STM32F4xx_HAL_Driver/Src/stm32f4xx_hal_cortex.o
 *fill*         0x00000000080073f6        0x2 
 .text.SysTick_Config
                0x00000000080073f8       0x44 ./Drivers/STM32F4xx_HAL_Driver/Src/stm32f4xx_hal_cortex.o
 .text.HAL_NVIC_SetPriorityGrouping
                0x000000000800743c       0x16 ./Drivers/STM32F4xx_HAL_Driver/Src/stm32f4xx_hal_cortex.o
                0x000000000800743c                HAL_NVIC_SetPriorityGrouping
 .text.HAL_NVIC_SetPriority
                0x0000000008007452       0x38 ./Drivers/STM32F4xx_HAL_Driver/Src/stm32f4xx_hal_cortex.o
                0x0000000008007452                HAL_NVIC_SetPriority
 .text.HAL_SYSTICK_Config
                0x000000000800748a       0x18 ./Drivers/STM32F4xx_HAL_Driver/Src/stm32f4xx_hal_cortex.o
                0x000000000800748a                HAL_SYSTICK_Config
 *fill*         0x00000000080074a2        0x2 
 .text.HAL_GPIO_Init
                0x00000000080074a4      0x308 ./Drivers/STM32F4xx_HAL_Driver/Src/stm32f4xx_hal_gpio.o
                0x00000000080074a4                HAL_GPIO_Init
 .text.HAL_GPIO_ReadPin
                0x00000000080077ac       0x30 ./Drivers/STM32F4xx_HAL_Driver/Src/stm32f4xx_hal_gpio.o
                0x00000000080077ac                HAL_GPIO_ReadPin
 .text.HAL_GPIO_WritePin
                0x00000000080077dc       0x32 ./Drivers/STM32F4xx_HAL_Driver/Src/stm32f4xx_hal_gpio.o
                0x00000000080077dc                HAL_GPIO_WritePin
 *fill*         0x000000000800780e        0x2 
 .text.HAL_I2C_Init
                0x0000000008007810      0x288 ./Drivers/STM32F4xx_HAL_Driver/Src/stm32f4xx_hal_i2c.o
                0x0000000008007810                HAL_I2C_Init
 .text.HAL_I2C_Master_Transmit
                0x0000000008007a98      0x1fc ./Drivers/STM32F4xx_HAL_Driver/Src/stm32f4xx_hal_i2c.o
                0x0000000008007a98                HAL_I2C_Master_Transmit
 .text.HAL_I2C_Master_Receive
                0x0000000008007c94      0x44c ./Drivers/STM32F4xx_HAL_Driver/Src/stm32f4xx_hal_i2c.o
                0x0000000008007c94                HAL_I2C_Master_Receive
 .text.HAL_I2C_Mem_Write
                0x00000000080080e0      0x1f4 ./Drivers/STM32F4xx_HAL_Driver/Src/stm32f4xx_hal_i2c.o
                0x00000000080080e0                HAL_I2C_Mem_Write
 .text.I2C_MasterRequestWrite
                0x00000000080082d4      0x104 ./Drivers/STM32F4xx_HAL_Driver/Src/stm32f4xx_hal_i2c.o
 .text.I2C_MasterRequestRead
                0x00000000080083d8      0x19c ./Drivers/STM32F4xx_HAL_Driver/Src/stm32f4xx_hal_i2c.o
 .text.I2C_RequestMemoryWrite
                0x0000000008008574      0x12c ./Drivers/STM32F4xx_HAL_Driver/Src/stm32f4xx_hal_i2c.o
 .text.I2C_WaitOnFlagUntilTimeout
                0x00000000080086a0       0xae ./Drivers/STM32F4xx_HAL_Driver/Src/stm32f4xx_hal_i2c.o
 .text.I2C_WaitOnMasterAddressFlagUntilTimeout
                0x000000000800874e       0xfe ./Drivers/STM32F4xx_HAL_Driver/Src/stm32f4xx_hal_i2c.o
 .text.I2C_WaitOnTXEFlagUntilTimeout
                0x000000000800884c       0x82 ./Drivers/STM32F4xx_HAL_Driver/Src/stm32f4xx_hal_i2c.o
 .text.I2C_WaitOnBTFFlagUntilTimeout
                0x00000000080088ce       0x82 ./Drivers/STM32F4xx_HAL_Driver/Src/stm32f4xx_hal_i2c.o
 .text.I2C_WaitOnRXNEFlagUntilTimeout
                0x0000000008008950       0xac ./Drivers/STM32F4xx_HAL_Driver/Src/stm32f4xx_hal_i2c.o
 .text.I2C_IsAcknowledgeFailed
                0x00000000080089fc       0x5e ./Drivers/STM32F4xx_HAL_Driver/Src/stm32f4xx_hal_i2c.o
 *fill*         0x0000000008008a5a        0x2 
 .text.HAL_RCC_OscConfig
                0x0000000008008a5c      0x4f0 ./Drivers/STM32F4xx_HAL_Driver/Src/stm32f4xx_hal_rcc.o
                0x0000000008008a5c                HAL_RCC_OscConfig
 .text.HAL_RCC_ClockConfig
                0x0000000008008f4c      0x1cc ./Drivers/STM32F4xx_HAL_Driver/Src/stm32f4xx_hal_rcc.o
                0x0000000008008f4c                HAL_RCC_ClockConfig
 .text.HAL_RCC_GetSysClockFreq
                0x0000000008009118      0x20c ./Drivers/STM32F4xx_HAL_Driver/Src/stm32f4xx_hal_rcc.o
                0x0000000008009118                HAL_RCC_GetSysClockFreq
 .text.HAL_RCC_GetHCLKFreq
                0x0000000008009324       0x18 ./Drivers/STM32F4xx_HAL_Driver/Src/stm32f4xx_hal_rcc.o
                0x0000000008009324                HAL_RCC_GetHCLKFreq
 .text.HAL_RCC_GetPCLK1Freq
                0x000000000800933c       0x28 ./Drivers/STM32F4xx_HAL_Driver/Src/stm32f4xx_hal_rcc.o
                0x000000000800933c                HAL_RCC_GetPCLK1Freq
 .text.HAL_RCC_GetPCLK2Freq
                0x0000000008009364       0x28 ./Drivers/STM32F4xx_HAL_Driver/Src/stm32f4xx_hal_rcc.o
                0x0000000008009364                HAL_RCC_GetPCLK2Freq
 .text.HAL_UART_Init
                0x000000000800938c       0x9a ./Drivers/STM32F4xx_HAL_Driver/Src/stm32f4xx_hal_uart.o
                0x000000000800938c                HAL_UART_Init
 .text.HAL_UART_Transmit
                0x0000000008009426      0x124 ./Drivers/STM32F4xx_HAL_Driver/Src/stm32f4xx_hal_uart.o
                0x0000000008009426                HAL_UART_Transmit
 .text.UART_WaitOnFlagUntilTimeout
                0x000000000800954a       0xdc ./Drivers/STM32F4xx_HAL_Driver/Src/stm32f4xx_hal_uart.o
 *fill*         0x0000000008009626        0x2 
 .text.UART_SetConfig
                0x0000000008009628      0x4e8 ./Drivers/STM32F4xx_HAL_Driver/Src/stm32f4xx_hal_uart.o
 .text.__errno  0x0000000008009b10        0xc c:/st/stm32cubeide_1.12.1/stm32cubeide/plugins/com.st.stm32cube.ide.mcu.externaltools.gnu-tools-for-stm32.10.3-2021.10.win32_1.0.200.202301161003/tools/bin/../lib/gcc/arm-none-eabi/10.3.1/../../../../arm-none-eabi/lib/thumb/v7e-m+fp/hard\libc_nano.a(lib_a-errno.o)
                0x0000000008009b10                __errno
 .text.__libc_init_array
                0x0000000008009b1c       0x48 c:/st/stm32cubeide_1.12.1/stm32cubeide/plugins/com.st.stm32cube.ide.mcu.externaltools.gnu-tools-for-stm32.10.3-2021.10.win32_1.0.200.202301161003/tools/bin/../lib/gcc/arm-none-eabi/10.3.1/../../../../arm-none-eabi/lib/thumb/v7e-m+fp/hard\libc_nano.a(lib_a-init.o)
                0x0000000008009b1c                __libc_init_array
 .text.memcpy   0x0000000008009b64       0x1c c:/st/stm32cubeide_1.12.1/stm32cubeide/plugins/com.st.stm32cube.ide.mcu.externaltools.gnu-tools-for-stm32.10.3-2021.10.win32_1.0.200.202301161003/tools/bin/../lib/gcc/arm-none-eabi/10.3.1/../../../../arm-none-eabi/lib/thumb/v7e-m+fp/hard\libc_nano.a(lib_a-memcpy-stub.o)
                0x0000000008009b64                memcpy
 .text.memmove  0x0000000008009b80       0x34 c:/st/stm32cubeide_1.12.1/stm32cubeide/plugins/com.st.stm32cube.ide.mcu.externaltools.gnu-tools-for-stm32.10.3-2021.10.win32_1.0.200.202301161003/tools/bin/../lib/gcc/arm-none-eabi/10.3.1/../../../../arm-none-eabi/lib/thumb/v7e-m+fp/hard\libc_nano.a(lib_a-memmove.o)
                0x0000000008009b80                memmove
 .text.memset   0x0000000008009bb4       0x10 c:/st/stm32cubeide_1.12.1/stm32cubeide/plugins/com.st.stm32cube.ide.mcu.externaltools.gnu-tools-for-stm32.10.3-2021.10.win32_1.0.200.202301161003/tools/bin/../lib/gcc/arm-none-eabi/10.3.1/../../../../arm-none-eabi/lib/thumb/v7e-m+fp/hard\libc_nano.a(lib_a-memset.o)
                0x0000000008009bb4                memset
 .text.__cvt    0x0000000008009bc4       0xc4 c:/st/stm32cubeide_1.12.1/stm32cubeide/plugins/com.st.stm32cube.ide.mcu.externaltools.gnu-tools-for-stm32.10.3-2021.10.win32_1.0.200.202301161003/tools/bin/../lib/gcc/arm-none-eabi/10.3.1/../../../../arm-none-eabi/lib/thumb/v7e-m+fp/hard\libc_nano.a(lib_a-nano-vfprintf_float.o)
                0x0000000008009bc4                __cvt
 .text.__exponent
                0x0000000008009c88       0x7c c:/st/stm32cubeide_1.12.1/stm32cubeide/plugins/com.st.stm32cube.ide.mcu.externaltools.gnu-tools-for-stm32.10.3-2021.10.win32_1.0.200.202301161003/tools/bin/../lib/gcc/arm-none-eabi/10.3.1/../../../../arm-none-eabi/lib/thumb/v7e-m+fp/hard\libc_nano.a(lib_a-nano-vfprintf_float.o)
                0x0000000008009c88                __exponent
 .text._printf_float
                0x0000000008009d04      0x46c c:/st/stm32cubeide_1.12.1/stm32cubeide/plugins/com.st.stm32cube.ide.mcu.externaltools.gnu-tools-for-stm32.10.3-2021.10.win32_1.0.200.202301161003/tools/bin/../lib/gcc/arm-none-eabi/10.3.1/../../../../arm-none-eabi/lib/thumb/v7e-m+fp/hard\libc_nano.a(lib_a-nano-vfprintf_float.o)
                0x0000000008009d04                _printf_float
 .text._printf_common
                0x000000000800a170       0xda c:/st/stm32cubeide_1.12.1/stm32cubeide/plugins/com.st.stm32cube.ide.mcu.externaltools.gnu-tools-for-stm32.10.3-2021.10.win32_1.0.200.202301161003/tools/bin/../lib/gcc/arm-none-eabi/10.3.1/../../../../arm-none-eabi/lib/thumb/v7e-m+fp/hard\libc_nano.a(lib_a-nano-vfprintf_i.o)
                0x000000000800a170                _printf_common
 *fill*         0x000000000800a24a        0x2 
 .text._printf_i
                0x000000000800a24c      0x24c c:/st/stm32cubeide_1.12.1/stm32cubeide/plugins/com.st.stm32cube.ide.mcu.externaltools.gnu-tools-for-stm32.10.3-2021.10.win32_1.0.200.202301161003/tools/bin/../lib/gcc/arm-none-eabi/10.3.1/../../../../arm-none-eabi/lib/thumb/v7e-m+fp/hard\libc_nano.a(lib_a-nano-vfprintf_i.o)
                0x000000000800a24c                _printf_i
 .text._puts_r  0x000000000800a498       0xdc c:/st/stm32cubeide_1.12.1/stm32cubeide/plugins/com.st.stm32cube.ide.mcu.externaltools.gnu-tools-for-stm32.10.3-2021.10.win32_1.0.200.202301161003/tools/bin/../lib/gcc/arm-none-eabi/10.3.1/../../../../arm-none-eabi/lib/thumb/v7e-m+fp/hard\libc_nano.a(lib_a-puts.o)
                0x000000000800a498                _puts_r
 .text.puts     0x000000000800a574       0x10 c:/st/stm32cubeide_1.12.1/stm32cubeide/plugins/com.st.stm32cube.ide.mcu.externaltools.gnu-tools-for-stm32.10.3-2021.10.win32_1.0.200.202301161003/tools/bin/../lib/gcc/arm-none-eabi/10.3.1/../../../../arm-none-eabi/lib/thumb/v7e-m+fp/hard\libc_nano.a(lib_a-puts.o)
                0x000000000800a574                puts
 .text.sprintf  0x000000000800a584       0x40 c:/st/stm32cubeide_1.12.1/stm32cubeide/plugins/com.st.stm32cube.ide.mcu.externaltools.gnu-tools-for-stm32.10.3-2021.10.win32_1.0.200.202301161003/tools/bin/../lib/gcc/arm-none-eabi/10.3.1/../../../../arm-none-eabi/lib/thumb/v7e-m+fp/hard\libc_nano.a(lib_a-sprintf.o)
                0x000000000800a584                siprintf
                0x000000000800a584                sprintf
 .text.strcpy   0x000000000800a5c4       0x10 c:/st/stm32cubeide_1.12.1/stm32cubeide/plugins/com.st.stm32cube.ide.mcu.externaltools.gnu-tools-for-stm32.10.3-2021.10.win32_1.0.200.202301161003/tools/bin/../lib/gcc/arm-none-eabi/10.3.1/../../../../arm-none-eabi/lib/thumb/v7e-m+fp/hard\libc_nano.a(lib_a-strcpy.o)
                0x000000000800a5c4                strcpy
 .text.__swbuf_r
                0x000000000800a5d4       0xa4 c:/st/stm32cubeide_1.12.1/stm32cubeide/plugins/com.st.stm32cube.ide.mcu.externaltools.gnu-tools-for-stm32.10.3-2021.10.win32_1.0.200.202301161003/tools/bin/../lib/gcc/arm-none-eabi/10.3.1/../../../../arm-none-eabi/lib/thumb/v7e-m+fp/hard\libc_nano.a(lib_a-wbuf.o)
                0x000000000800a5d4                __swbuf_r
 .text.__swsetup_r
                0x000000000800a678       0xdc c:/st/stm32cubeide_1.12.1/stm32cubeide/plugins/com.st.stm32cube.ide.mcu.externaltools.gnu-tools-for-stm32.10.3-2021.10.win32_1.0.200.202301161003/tools/bin/../lib/gcc/arm-none-eabi/10.3.1/../../../../arm-none-eabi/lib/thumb/v7e-m+fp/hard\libc_nano.a(lib_a-wsetup.o)
                0x000000000800a678                __swsetup_r
 .text.quorem   0x000000000800a754      0x116 c:/st/stm32cubeide_1.12.1/stm32cubeide/plugins/com.st.stm32cube.ide.mcu.externaltools.gnu-tools-for-stm32.10.3-2021.10.win32_1.0.200.202301161003/tools/bin/../lib/gcc/arm-none-eabi/10.3.1/../../../../arm-none-eabi/lib/thumb/v7e-m+fp/hard\libc_nano.a(lib_a-dtoa.o)
 *fill*         0x000000000800a86a        0x6 
 .text._dtoa_r  0x000000000800a870      0xbdc c:/st/stm32cubeide_1.12.1/stm32cubeide/plugins/com.st.stm32cube.ide.mcu.externaltools.gnu-tools-for-stm32.10.3-2021.10.win32_1.0.200.202301161003/tools/bin/../lib/gcc/arm-none-eabi/10.3.1/../../../../arm-none-eabi/lib/thumb/v7e-m+fp/hard\libc_nano.a(lib_a-dtoa.o)
                0x000000000800a870                _dtoa_r
 .text.__sflush_r
                0x000000000800b44c      0x10c c:/st/stm32cubeide_1.12.1/stm32cubeide/plugins/com.st.stm32cube.ide.mcu.externaltools.gnu-tools-for-stm32.10.3-2021.10.win32_1.0.200.202301161003/tools/bin/../lib/gcc/arm-none-eabi/10.3.1/../../../../arm-none-eabi/lib/thumb/v7e-m+fp/hard\libc_nano.a(lib_a-fflush.o)
                0x000000000800b44c                __sflush_r
 .text._fflush_r
                0x000000000800b558       0x78 c:/st/stm32cubeide_1.12.1/stm32cubeide/plugins/com.st.stm32cube.ide.mcu.externaltools.gnu-tools-for-stm32.10.3-2021.10.win32_1.0.200.202301161003/tools/bin/../lib/gcc/arm-none-eabi/10.3.1/../../../../arm-none-eabi/lib/thumb/v7e-m+fp/hard\libc_nano.a(lib_a-fflush.o)
                0x000000000800b558                _fflush_r
 .text.std      0x000000000800b5d0       0x48 c:/st/stm32cubeide_1.12.1/stm32cubeide/plugins/com.st.stm32cube.ide.mcu.externaltools.gnu-tools-for-stm32.10.3-2021.10.win32_1.0.200.202301161003/tools/bin/../lib/gcc/arm-none-eabi/10.3.1/../../../../arm-none-eabi/lib/thumb/v7e-m+fp/hard\libc_nano.a(lib_a-findfp.o)
 .text._cleanup_r
                0x000000000800b618        0xc c:/st/stm32cubeide_1.12.1/stm32cubeide/plugins/com.st.stm32cube.ide.mcu.externaltools.gnu-tools-for-stm32.10.3-2021.10.win32_1.0.200.202301161003/tools/bin/../lib/gcc/arm-none-eabi/10.3.1/../../../../arm-none-eabi/lib/thumb/v7e-m+fp/hard\libc_nano.a(lib_a-findfp.o)
                0x000000000800b618                _cleanup_r
 .text.__sfmoreglue
                0x000000000800b624       0x2c c:/st/stm32cubeide_1.12.1/stm32cubeide/plugins/com.st.stm32cube.ide.mcu.externaltools.gnu-tools-for-stm32.10.3-2021.10.win32_1.0.200.202301161003/tools/bin/../lib/gcc/arm-none-eabi/10.3.1/../../../../arm-none-eabi/lib/thumb/v7e-m+fp/hard\libc_nano.a(lib_a-findfp.o)
                0x000000000800b624                __sfmoreglue
 .text.__sfp_lock_acquire
                0x000000000800b650        0xc c:/st/stm32cubeide_1.12.1/stm32cubeide/plugins/com.st.stm32cube.ide.mcu.externaltools.gnu-tools-for-stm32.10.3-2021.10.win32_1.0.200.202301161003/tools/bin/../lib/gcc/arm-none-eabi/10.3.1/../../../../arm-none-eabi/lib/thumb/v7e-m+fp/hard\libc_nano.a(lib_a-findfp.o)
                0x000000000800b650                __sfp_lock_acquire
 .text.__sfp_lock_release
                0x000000000800b65c        0xc c:/st/stm32cubeide_1.12.1/stm32cubeide/plugins/com.st.stm32cube.ide.mcu.externaltools.gnu-tools-for-stm32.10.3-2021.10.win32_1.0.200.202301161003/tools/bin/../lib/gcc/arm-none-eabi/10.3.1/../../../../arm-none-eabi/lib/thumb/v7e-m+fp/hard\libc_nano.a(lib_a-findfp.o)
                0x000000000800b65c                __sfp_lock_release
 .text.__sinit_lock_acquire
                0x000000000800b668        0xc c:/st/stm32cubeide_1.12.1/stm32cubeide/plugins/com.st.stm32cube.ide.mcu.externaltools.gnu-tools-for-stm32.10.3-2021.10.win32_1.0.200.202301161003/tools/bin/../lib/gcc/arm-none-eabi/10.3.1/../../../../arm-none-eabi/lib/thumb/v7e-m+fp/hard\libc_nano.a(lib_a-findfp.o)
                0x000000000800b668                __sinit_lock_acquire
 .text.__sinit_lock_release
                0x000000000800b674        0xc c:/st/stm32cubeide_1.12.1/stm32cubeide/plugins/com.st.stm32cube.ide.mcu.externaltools.gnu-tools-for-stm32.10.3-2021.10.win32_1.0.200.202301161003/tools/bin/../lib/gcc/arm-none-eabi/10.3.1/../../../../arm-none-eabi/lib/thumb/v7e-m+fp/hard\libc_nano.a(lib_a-findfp.o)
                0x000000000800b674                __sinit_lock_release
 .text.__sinit  0x000000000800b680       0x70 c:/st/stm32cubeide_1.12.1/stm32cubeide/plugins/com.st.stm32cube.ide.mcu.externaltools.gnu-tools-for-stm32.10.3-2021.10.win32_1.0.200.202301161003/tools/bin/../lib/gcc/arm-none-eabi/10.3.1/../../../../arm-none-eabi/lib/thumb/v7e-m+fp/hard\libc_nano.a(lib_a-findfp.o)
                0x000000000800b680                __sinit
 .text.__sfp    0x000000000800b6f0       0x8c c:/st/stm32cubeide_1.12.1/stm32cubeide/plugins/com.st.stm32cube.ide.mcu.externaltools.gnu-tools-for-stm32.10.3-2021.10.win32_1.0.200.202301161003/tools/bin/../lib/gcc/arm-none-eabi/10.3.1/../../../../arm-none-eabi/lib/thumb/v7e-m+fp/hard\libc_nano.a(lib_a-findfp.o)
                0x000000000800b6f0                __sfp
 .text._fwalk_reent
                0x000000000800b77c       0x3e c:/st/stm32cubeide_1.12.1/stm32cubeide/plugins/com.st.stm32cube.ide.mcu.externaltools.gnu-tools-for-stm32.10.3-2021.10.win32_1.0.200.202301161003/tools/bin/../lib/gcc/arm-none-eabi/10.3.1/../../../../arm-none-eabi/lib/thumb/v7e-m+fp/hard\libc_nano.a(lib_a-fwalk.o)
                0x000000000800b77c                _fwalk_reent
 *fill*         0x000000000800b7ba        0x2 
 .text._localeconv_r
                0x000000000800b7bc        0x8 c:/st/stm32cubeide_1.12.1/stm32cubeide/plugins/com.st.stm32cube.ide.mcu.externaltools.gnu-tools-for-stm32.10.3-2021.10.win32_1.0.200.202301161003/tools/bin/../lib/gcc/arm-none-eabi/10.3.1/../../../../arm-none-eabi/lib/thumb/v7e-m+fp/hard\libc_nano.a(lib_a-localeconv.o)
                0x000000000800b7bc                _localeconv_r
 .text.__retarget_lock_init_recursive
                0x000000000800b7c4        0x2 c:/st/stm32cubeide_1.12.1/stm32cubeide/plugins/com.st.stm32cube.ide.mcu.externaltools.gnu-tools-for-stm32.10.3-2021.10.win32_1.0.200.202301161003/tools/bin/../lib/gcc/arm-none-eabi/10.3.1/../../../../arm-none-eabi/lib/thumb/v7e-m+fp/hard\libc_nano.a(lib_a-lock.o)
                0x000000000800b7c4                __retarget_lock_init_recursive
 .text.__retarget_lock_acquire_recursive
                0x000000000800b7c6        0x2 c:/st/stm32cubeide_1.12.1/stm32cubeide/plugins/com.st.stm32cube.ide.mcu.externaltools.gnu-tools-for-stm32.10.3-2021.10.win32_1.0.200.202301161003/tools/bin/../lib/gcc/arm-none-eabi/10.3.1/../../../../arm-none-eabi/lib/thumb/v7e-m+fp/hard\libc_nano.a(lib_a-lock.o)
                0x000000000800b7c6                __retarget_lock_acquire_recursive
 .text.__retarget_lock_release_recursive
                0x000000000800b7c8        0x2 c:/st/stm32cubeide_1.12.1/stm32cubeide/plugins/com.st.stm32cube.ide.mcu.externaltools.gnu-tools-for-stm32.10.3-2021.10.win32_1.0.200.202301161003/tools/bin/../lib/gcc/arm-none-eabi/10.3.1/../../../../arm-none-eabi/lib/thumb/v7e-m+fp/hard\libc_nano.a(lib_a-lock.o)
                0x000000000800b7c8                __retarget_lock_release_recursive
 .text.__swhatbuf_r
                0x000000000800b7ca       0x4a c:/st/stm32cubeide_1.12.1/stm32cubeide/plugins/com.st.stm32cube.ide.mcu.externaltools.gnu-tools-for-stm32.10.3-2021.10.win32_1.0.200.202301161003/tools/bin/../lib/gcc/arm-none-eabi/10.3.1/../../../../arm-none-eabi/lib/thumb/v7e-m+fp/hard\libc_nano.a(lib_a-makebuf.o)
                0x000000000800b7ca                __swhatbuf_r
 .text.__smakebuf_r
                0x000000000800b814       0x80 c:/st/stm32cubeide_1.12.1/stm32cubeide/plugins/com.st.stm32cube.ide.mcu.externaltools.gnu-tools-for-stm32.10.3-2021.10.win32_1.0.200.202301161003/tools/bin/../lib/gcc/arm-none-eabi/10.3.1/../../../../arm-none-eabi/lib/thumb/v7e-m+fp/hard\libc_nano.a(lib_a-makebuf.o)
                0x000000000800b814                __smakebuf_r
 .text.malloc   0x000000000800b894       0x10 c:/st/stm32cubeide_1.12.1/stm32cubeide/plugins/com.st.stm32cube.ide.mcu.externaltools.gnu-tools-for-stm32.10.3-2021.10.win32_1.0.200.202301161003/tools/bin/../lib/gcc/arm-none-eabi/10.3.1/../../../../arm-none-eabi/lib/thumb/v7e-m+fp/hard\libc_nano.a(lib_a-malloc.o)
                0x000000000800b894                malloc
 .text._Balloc  0x000000000800b8a4       0x80 c:/st/stm32cubeide_1.12.1/stm32cubeide/plugins/com.st.stm32cube.ide.mcu.externaltools.gnu-tools-for-stm32.10.3-2021.10.win32_1.0.200.202301161003/tools/bin/../lib/gcc/arm-none-eabi/10.3.1/../../../../arm-none-eabi/lib/thumb/v7e-m+fp/hard\libc_nano.a(lib_a-mprec.o)
                0x000000000800b8a4                _Balloc
 .text._Bfree   0x000000000800b924       0x44 c:/st/stm32cubeide_1.12.1/stm32cubeide/plugins/com.st.stm32cube.ide.mcu.externaltools.gnu-tools-for-stm32.10.3-2021.10.win32_1.0.200.202301161003/tools/bin/../lib/gcc/arm-none-eabi/10.3.1/../../../../arm-none-eabi/lib/thumb/v7e-m+fp/hard\libc_nano.a(lib_a-mprec.o)
                0x000000000800b924                _Bfree
 .text.__multadd
                0x000000000800b968       0x8c c:/st/stm32cubeide_1.12.1/stm32cubeide/plugins/com.st.stm32cube.ide.mcu.externaltools.gnu-tools-for-stm32.10.3-2021.10.win32_1.0.200.202301161003/tools/bin/../lib/gcc/arm-none-eabi/10.3.1/../../../../arm-none-eabi/lib/thumb/v7e-m+fp/hard\libc_nano.a(lib_a-mprec.o)
                0x000000000800b968                __multadd
 .text.__hi0bits
                0x000000000800b9f4       0x40 c:/st/stm32cubeide_1.12.1/stm32cubeide/plugins/com.st.stm32cube.ide.mcu.externaltools.gnu-tools-for-stm32.10.3-2021.10.win32_1.0.200.202301161003/tools/bin/../lib/gcc/arm-none-eabi/10.3.1/../../../../arm-none-eabi/lib/thumb/v7e-m+fp/hard\libc_nano.a(lib_a-mprec.o)
                0x000000000800b9f4                __hi0bits
 .text.__lo0bits
                0x000000000800ba34       0x5e c:/st/stm32cubeide_1.12.1/stm32cubeide/plugins/com.st.stm32cube.ide.mcu.externaltools.gnu-tools-for-stm32.10.3-2021.10.win32_1.0.200.202301161003/tools/bin/../lib/gcc/arm-none-eabi/10.3.1/../../../../arm-none-eabi/lib/thumb/v7e-m+fp/hard\libc_nano.a(lib_a-mprec.o)
                0x000000000800ba34                __lo0bits
 *fill*         0x000000000800ba92        0x2 
 .text.__i2b    0x000000000800ba94       0x2c c:/st/stm32cubeide_1.12.1/stm32cubeide/plugins/com.st.stm32cube.ide.mcu.externaltools.gnu-tools-for-stm32.10.3-2021.10.win32_1.0.200.202301161003/tools/bin/../lib/gcc/arm-none-eabi/10.3.1/../../../../arm-none-eabi/lib/thumb/v7e-m+fp/hard\libc_nano.a(lib_a-mprec.o)
                0x000000000800ba94                __i2b
 .text.__multiply
                0x000000000800bac0      0x154 c:/st/stm32cubeide_1.12.1/stm32cubeide/plugins/com.st.stm32cube.ide.mcu.externaltools.gnu-tools-for-stm32.10.3-2021.10.win32_1.0.200.202301161003/tools/bin/../lib/gcc/arm-none-eabi/10.3.1/../../../../arm-none-eabi/lib/thumb/v7e-m+fp/hard\libc_nano.a(lib_a-mprec.o)
                0x000000000800bac0                __multiply
 .text.__pow5mult
                0x000000000800bc14       0xb4 c:/st/stm32cubeide_1.12.1/stm32cubeide/plugins/com.st.stm32cube.ide.mcu.externaltools.gnu-tools-for-stm32.10.3-2021.10.win32_1.0.200.202301161003/tools/bin/../lib/gcc/arm-none-eabi/10.3.1/../../../../arm-none-eabi/lib/thumb/v7e-m+fp/hard\libc_nano.a(lib_a-mprec.o)
                0x000000000800bc14                __pow5mult
 .text.__lshift
                0x000000000800bcc8       0xe0 c:/st/stm32cubeide_1.12.1/stm32cubeide/plugins/com.st.stm32cube.ide.mcu.externaltools.gnu-tools-for-stm32.10.3-2021.10.win32_1.0.200.202301161003/tools/bin/../lib/gcc/arm-none-eabi/10.3.1/../../../../arm-none-eabi/lib/thumb/v7e-m+fp/hard\libc_nano.a(lib_a-mprec.o)
                0x000000000800bcc8                __lshift
 .text.__mcmp   0x000000000800bda8       0x38 c:/st/stm32cubeide_1.12.1/stm32cubeide/plugins/com.st.stm32cube.ide.mcu.externaltools.gnu-tools-for-stm32.10.3-2021.10.win32_1.0.200.202301161003/tools/bin/../lib/gcc/arm-none-eabi/10.3.1/../../../../arm-none-eabi/lib/thumb/v7e-m+fp/hard\libc_nano.a(lib_a-mprec.o)
                0x000000000800bda8                __mcmp
 .text.__mdiff  0x000000000800bde0      0x114 c:/st/stm32cubeide_1.12.1/stm32cubeide/plugins/com.st.stm32cube.ide.mcu.externaltools.gnu-tools-for-stm32.10.3-2021.10.win32_1.0.200.202301161003/tools/bin/../lib/gcc/arm-none-eabi/10.3.1/../../../../arm-none-eabi/lib/thumb/v7e-m+fp/hard\libc_nano.a(lib_a-mprec.o)
                0x000000000800bde0                __mdiff
 .text.__d2b    0x000000000800bef4       0xb8 c:/st/stm32cubeide_1.12.1/stm32cubeide/plugins/com.st.stm32cube.ide.mcu.externaltools.gnu-tools-for-stm32.10.3-2021.10.win32_1.0.200.202301161003/tools/bin/../lib/gcc/arm-none-eabi/10.3.1/../../../../arm-none-eabi/lib/thumb/v7e-m+fp/hard\libc_nano.a(lib_a-mprec.o)
                0x000000000800bef4                __d2b
 .text._calloc_r
                0x000000000800bfac       0x2c c:/st/stm32cubeide_1.12.1/stm32cubeide/plugins/com.st.stm32cube.ide.mcu.externaltools.gnu-tools-for-stm32.10.3-2021.10.win32_1.0.200.202301161003/tools/bin/../lib/gcc/arm-none-eabi/10.3.1/../../../../arm-none-eabi/lib/thumb/v7e-m+fp/hard\libc_nano.a(lib_a-nano-callocr.o)
                0x000000000800bfac                _calloc_r
 .text._free_r  0x000000000800bfd8       0x98 c:/st/stm32cubeide_1.12.1/stm32cubeide/plugins/com.st.stm32cube.ide.mcu.externaltools.gnu-tools-for-stm32.10.3-2021.10.win32_1.0.200.202301161003/tools/bin/../lib/gcc/arm-none-eabi/10.3.1/../../../../arm-none-eabi/lib/thumb/v7e-m+fp/hard\libc_nano.a(lib_a-nano-freer.o)
                0x000000000800bfd8                _free_r
 .text.sbrk_aligned
                0x000000000800c070       0x40 c:/st/stm32cubeide_1.12.1/stm32cubeide/plugins/com.st.stm32cube.ide.mcu.externaltools.gnu-tools-for-stm32.10.3-2021.10.win32_1.0.200.202301161003/tools/bin/../lib/gcc/arm-none-eabi/10.3.1/../../../../arm-none-eabi/lib/thumb/v7e-m+fp/hard\libc_nano.a(lib_a-nano-mallocr.o)
 .text._malloc_r
                0x000000000800c0b0       0xe8 c:/st/stm32cubeide_1.12.1/stm32cubeide/plugins/com.st.stm32cube.ide.mcu.externaltools.gnu-tools-for-stm32.10.3-2021.10.win32_1.0.200.202301161003/tools/bin/../lib/gcc/arm-none-eabi/10.3.1/../../../../arm-none-eabi/lib/thumb/v7e-m+fp/hard\libc_nano.a(lib_a-nano-mallocr.o)
                0x000000000800c0b0                _malloc_r
 .text.__ssputs_r
                0x000000000800c198       0xb6 c:/st/stm32cubeide_1.12.1/stm32cubeide/plugins/com.st.stm32cube.ide.mcu.externaltools.gnu-tools-for-stm32.10.3-2021.10.win32_1.0.200.202301161003/tools/bin/../lib/gcc/arm-none-eabi/10.3.1/../../../../arm-none-eabi/lib/thumb/v7e-m+fp/hard\libc_nano.a(lib_a-nano-svfprintf.o)
                0x000000000800c198                __ssputs_r
 *fill*         0x000000000800c24e        0x2 
 .text._svfprintf_r
                0x000000000800c250      0x200 c:/st/stm32cubeide_1.12.1/stm32cubeide/plugins/com.st.stm32cube.ide.mcu.externaltools.gnu-tools-for-stm32.10.3-2021.10.win32_1.0.200.202301161003/tools/bin/../lib/gcc/arm-none-eabi/10.3.1/../../../../arm-none-eabi/lib/thumb/v7e-m+fp/hard\libc_nano.a(lib_a-nano-svfprintf.o)
                0x000000000800c250                _svfiprintf_r
                0x000000000800c250                _svfprintf_r
 .text._sbrk_r  0x000000000800c450       0x20 c:/st/stm32cubeide_1.12.1/stm32cubeide/plugins/com.st.stm32cube.ide.mcu.externaltools.gnu-tools-for-stm32.10.3-2021.10.win32_1.0.200.202301161003/tools/bin/../lib/gcc/arm-none-eabi/10.3.1/../../../../arm-none-eabi/lib/thumb/v7e-m+fp/hard\libc_nano.a(lib_a-sbrkr.o)
                0x000000000800c450                _sbrk_r
 .text.__sread  0x000000000800c470       0x22 c:/st/stm32cubeide_1.12.1/stm32cubeide/plugins/com.st.stm32cube.ide.mcu.externaltools.gnu-tools-for-stm32.10.3-2021.10.win32_1.0.200.202301161003/tools/bin/../lib/gcc/arm-none-eabi/10.3.1/../../../../arm-none-eabi/lib/thumb/v7e-m+fp/hard\libc_nano.a(lib_a-stdio.o)
                0x000000000800c470                __sread
 .text.__swrite
                0x000000000800c492       0x38 c:/st/stm32cubeide_1.12.1/stm32cubeide/plugins/com.st.stm32cube.ide.mcu.externaltools.gnu-tools-for-stm32.10.3-2021.10.win32_1.0.200.202301161003/tools/bin/../lib/gcc/arm-none-eabi/10.3.1/../../../../arm-none-eabi/lib/thumb/v7e-m+fp/hard\libc_nano.a(lib_a-stdio.o)
                0x000000000800c492                __swrite
 .text.__sseek  0x000000000800c4ca       0x24 c:/st/stm32cubeide_1.12.1/stm32cubeide/plugins/com.st.stm32cube.ide.mcu.externaltools.gnu-tools-for-stm32.10.3-2021.10.win32_1.0.200.202301161003/tools/bin/../lib/gcc/arm-none-eabi/10.3.1/../../../../arm-none-eabi/lib/thumb/v7e-m+fp/hard\libc_nano.a(lib_a-stdio.o)
                0x000000000800c4ca                __sseek
 .text.__sclose
                0x000000000800c4ee        0x8 c:/st/stm32cubeide_1.12.1/stm32cubeide/plugins/com.st.stm32cube.ide.mcu.externaltools.gnu-tools-for-stm32.10.3-2021.10.win32_1.0.200.202301161003/tools/bin/../lib/gcc/arm-none-eabi/10.3.1/../../../../arm-none-eabi/lib/thumb/v7e-m+fp/hard\libc_nano.a(lib_a-stdio.o)
                0x000000000800c4ee                __sclose
 *fill*         0x000000000800c4f6        0x2 
 .text._write_r
                0x000000000800c4f8       0x24 c:/st/stm32cubeide_1.12.1/stm32cubeide/plugins/com.st.stm32cube.ide.mcu.externaltools.gnu-tools-for-stm32.10.3-2021.10.win32_1.0.200.202301161003/tools/bin/../lib/gcc/arm-none-eabi/10.3.1/../../../../arm-none-eabi/lib/thumb/v7e-m+fp/hard\libc_nano.a(lib_a-writer.o)
                0x000000000800c4f8                _write_r
 .text.__assert_func
                0x000000000800c51c       0x3c c:/st/stm32cubeide_1.12.1/stm32cubeide/plugins/com.st.stm32cube.ide.mcu.externaltools.gnu-tools-for-stm32.10.3-2021.10.win32_1.0.200.202301161003/tools/bin/../lib/gcc/arm-none-eabi/10.3.1/../../../../arm-none-eabi/lib/thumb/v7e-m+fp/hard\libc_nano.a(lib_a-assert.o)
                0x000000000800c51c                __assert_func
 .text._close_r
                0x000000000800c558       0x20 c:/st/stm32cubeide_1.12.1/stm32cubeide/plugins/com.st.stm32cube.ide.mcu.externaltools.gnu-tools-for-stm32.10.3-2021.10.win32_1.0.200.202301161003/tools/bin/../lib/gcc/arm-none-eabi/10.3.1/../../../../arm-none-eabi/lib/thumb/v7e-m+fp/hard\libc_nano.a(lib_a-closer.o)
                0x000000000800c558                _close_r
 .text.fprintf  0x000000000800c578       0x24 c:/st/stm32cubeide_1.12.1/stm32cubeide/plugins/com.st.stm32cube.ide.mcu.externaltools.gnu-tools-for-stm32.10.3-2021.10.win32_1.0.200.202301161003/tools/bin/../lib/gcc/arm-none-eabi/10.3.1/../../../../arm-none-eabi/lib/thumb/v7e-m+fp/hard\libc_nano.a(lib_a-fprintf.o)
                0x000000000800c578                fiprintf
                0x000000000800c578                fprintf
 .text._fstat_r
                0x000000000800c59c       0x24 c:/st/stm32cubeide_1.12.1/stm32cubeide/plugins/com.st.stm32cube.ide.mcu.externaltools.gnu-tools-for-stm32.10.3-2021.10.win32_1.0.200.202301161003/tools/bin/../lib/gcc/arm-none-eabi/10.3.1/../../../../arm-none-eabi/lib/thumb/v7e-m+fp/hard\libc_nano.a(lib_a-fstatr.o)
                0x000000000800c59c                _fstat_r
 .text._isatty_r
                0x000000000800c5c0       0x20 c:/st/stm32cubeide_1.12.1/stm32cubeide/plugins/com.st.stm32cube.ide.mcu.externaltools.gnu-tools-for-stm32.10.3-2021.10.win32_1.0.200.202301161003/tools/bin/../lib/gcc/arm-none-eabi/10.3.1/../../../../arm-none-eabi/lib/thumb/v7e-m+fp/hard\libc_nano.a(lib_a-isattyr.o)
                0x000000000800c5c0                _isatty_r
 .text._lseek_r
                0x000000000800c5e0       0x24 c:/st/stm32cubeide_1.12.1/stm32cubeide/plugins/com.st.stm32cube.ide.mcu.externaltools.gnu-tools-for-stm32.10.3-2021.10.win32_1.0.200.202301161003/tools/bin/../lib/gcc/arm-none-eabi/10.3.1/../../../../arm-none-eabi/lib/thumb/v7e-m+fp/hard\libc_nano.a(lib_a-lseekr.o)
                0x000000000800c5e0                _lseek_r
 .text.__ascii_mbtowc
                0x000000000800c604       0x24 c:/st/stm32cubeide_1.12.1/stm32cubeide/plugins/com.st.stm32cube.ide.mcu.externaltools.gnu-tools-for-stm32.10.3-2021.10.win32_1.0.200.202301161003/tools/bin/../lib/gcc/arm-none-eabi/10.3.1/../../../../arm-none-eabi/lib/thumb/v7e-m+fp/hard\libc_nano.a(lib_a-mbtowc_r.o)
                0x000000000800c604                __ascii_mbtowc
 .text.__malloc_lock
                0x000000000800c628        0xc c:/st/stm32cubeide_1.12.1/stm32cubeide/plugins/com.st.stm32cube.ide.mcu.externaltools.gnu-tools-for-stm32.10.3-2021.10.win32_1.0.200.202301161003/tools/bin/../lib/gcc/arm-none-eabi/10.3.1/../../../../arm-none-eabi/lib/thumb/v7e-m+fp/hard\libc_nano.a(lib_a-mlock.o)
                0x000000000800c628                __malloc_lock
 .text.__malloc_unlock
                0x000000000800c634        0xc c:/st/stm32cubeide_1.12.1/stm32cubeide/plugins/com.st.stm32cube.ide.mcu.externaltools.gnu-tools-for-stm32.10.3-2021.10.win32_1.0.200.202301161003/tools/bin/../lib/gcc/arm-none-eabi/10.3.1/../../../../arm-none-eabi/lib/thumb/v7e-m+fp/hard\libc_nano.a(lib_a-mlock.o)
                0x000000000800c634                __malloc_unlock
 .text._realloc_r
                0x000000000800c640       0x5e c:/st/stm32cubeide_1.12.1/stm32cubeide/plugins/com.st.stm32cube.ide.mcu.externaltools.gnu-tools-for-stm32.10.3-2021.10.win32_1.0.200.202301161003/tools/bin/../lib/gcc/arm-none-eabi/10.3.1/../../../../arm-none-eabi/lib/thumb/v7e-m+fp/hard\libc_nano.a(lib_a-nano-reallocr.o)
                0x000000000800c640                _realloc_r
 .text.__sfputc_r
                0x000000000800c69e       0x2e c:/st/stm32cubeide_1.12.1/stm32cubeide/plugins/com.st.stm32cube.ide.mcu.externaltools.gnu-tools-for-stm32.10.3-2021.10.win32_1.0.200.202301161003/tools/bin/../lib/gcc/arm-none-eabi/10.3.1/../../../../arm-none-eabi/lib/thumb/v7e-m+fp/hard\libc_nano.a(lib_a-nano-vfprintf.o)
 .text.__sfputs_r
                0x000000000800c6cc       0x24 c:/st/stm32cubeide_1.12.1/stm32cubeide/plugins/com.st.stm32cube.ide.mcu.externaltools.gnu-tools-for-stm32.10.3-2021.10.win32_1.0.200.202301161003/tools/bin/../lib/gcc/arm-none-eabi/10.3.1/../../../../arm-none-eabi/lib/thumb/v7e-m+fp/hard\libc_nano.a(lib_a-nano-vfprintf.o)
                0x000000000800c6cc                __sfputs_r
 .text._vfprintf_r
                0x000000000800c6f0      0x260 c:/st/stm32cubeide_1.12.1/stm32cubeide/plugins/com.st.stm32cube.ide.mcu.externaltools.gnu-tools-for-stm32.10.3-2021.10.win32_1.0.200.202301161003/tools/bin/../lib/gcc/arm-none-eabi/10.3.1/../../../../arm-none-eabi/lib/thumb/v7e-m+fp/hard\libc_nano.a(lib_a-nano-vfprintf.o)
                0x000000000800c6f0                _vfprintf_r
                0x000000000800c6f0                _vfiprintf_r
 .text._read_r  0x000000000800c950       0x24 c:/st/stm32cubeide_1.12.1/stm32cubeide/plugins/com.st.stm32cube.ide.mcu.externaltools.gnu-tools-for-stm32.10.3-2021.10.win32_1.0.200.202301161003/tools/bin/../lib/gcc/arm-none-eabi/10.3.1/../../../../arm-none-eabi/lib/thumb/v7e-m+fp/hard\libc_nano.a(lib_a-readr.o)
                0x000000000800c950                _read_r
 .text.__ascii_wctomb
                0x000000000800c974       0x1a c:/st/stm32cubeide_1.12.1/stm32cubeide/plugins/com.st.stm32cube.ide.mcu.externaltools.gnu-tools-for-stm32.10.3-2021.10.win32_1.0.200.202301161003/tools/bin/../lib/gcc/arm-none-eabi/10.3.1/../../../../arm-none-eabi/lib/thumb/v7e-m+fp/hard\libc_nano.a(lib_a-wctomb_r.o)
                0x000000000800c974                __ascii_wctomb
 .text.abort    0x000000000800c98e        0xe c:/st/stm32cubeide_1.12.1/stm32cubeide/plugins/com.st.stm32cube.ide.mcu.externaltools.gnu-tools-for-stm32.10.3-2021.10.win32_1.0.200.202301161003/tools/bin/../lib/gcc/arm-none-eabi/10.3.1/../../../../arm-none-eabi/lib/thumb/v7e-m+fp/hard\libc_nano.a(lib_a-abort.o)
                0x000000000800c98e                abort
 .text._malloc_usable_size_r
                0x000000000800c99c       0x10 c:/st/stm32cubeide_1.12.1/stm32cubeide/plugins/com.st.stm32cube.ide.mcu.externaltools.gnu-tools-for-stm32.10.3-2021.10.win32_1.0.200.202301161003/tools/bin/../lib/gcc/arm-none-eabi/10.3.1/../../../../arm-none-eabi/lib/thumb/v7e-m+fp/hard\libc_nano.a(lib_a-nano-msizer.o)
                0x000000000800c99c                _malloc_usable_size_r
 .text._raise_r
                0x000000000800c9ac       0x50 c:/st/stm32cubeide_1.12.1/stm32cubeide/plugins/com.st.stm32cube.ide.mcu.externaltools.gnu-tools-for-stm32.10.3-2021.10.win32_1.0.200.202301161003/tools/bin/../lib/gcc/arm-none-eabi/10.3.1/../../../../arm-none-eabi/lib/thumb/v7e-m+fp/hard\libc_nano.a(lib_a-signal.o)
                0x000000000800c9ac                _raise_r
 .text.raise    0x000000000800c9fc       0x10 c:/st/stm32cubeide_1.12.1/stm32cubeide/plugins/com.st.stm32cube.ide.mcu.externaltools.gnu-tools-for-stm32.10.3-2021.10.win32_1.0.200.202301161003/tools/bin/../lib/gcc/arm-none-eabi/10.3.1/../../../../arm-none-eabi/lib/thumb/v7e-m+fp/hard\libc_nano.a(lib_a-signal.o)
                0x000000000800c9fc                raise
 .text._kill_r  0x000000000800ca0c       0x24 c:/st/stm32cubeide_1.12.1/stm32cubeide/plugins/com.st.stm32cube.ide.mcu.externaltools.gnu-tools-for-stm32.10.3-2021.10.win32_1.0.200.202301161003/tools/bin/../lib/gcc/arm-none-eabi/10.3.1/../../../../arm-none-eabi/lib/thumb/v7e-m+fp/hard\libc_nano.a(lib_a-signalr.o)
                0x000000000800ca0c                _kill_r
 .text._getpid_r
                0x000000000800ca30        0x4 c:/st/stm32cubeide_1.12.1/stm32cubeide/plugins/com.st.stm32cube.ide.mcu.externaltools.gnu-tools-for-stm32.10.3-2021.10.win32_1.0.200.202301161003/tools/bin/../lib/gcc/arm-none-eabi/10.3.1/../../../../arm-none-eabi/lib/thumb/v7e-m+fp/hard\libc_nano.a(lib_a-signalr.o)
                0x000000000800ca30                _getpid_r
 *(.glue_7)
 .glue_7        0x000000000800ca34        0x0 linker stubs
 *(.glue_7t)
 .glue_7t       0x000000000800ca34        0x0 linker stubs
 *(.eh_frame)
 .eh_frame      0x000000000800ca34        0x0 c:/st/stm32cubeide_1.12.1/stm32cubeide/plugins/com.st.stm32cube.ide.mcu.externaltools.gnu-tools-for-stm32.10.3-2021.10.win32_1.0.200.202301161003/tools/bin/../lib/gcc/arm-none-eabi/10.3.1/thumb/v7e-m+fp/hard/crtbegin.o
 *(.init)
 .init          0x000000000800ca34        0x4 c:/st/stm32cubeide_1.12.1/stm32cubeide/plugins/com.st.stm32cube.ide.mcu.externaltools.gnu-tools-for-stm32.10.3-2021.10.win32_1.0.200.202301161003/tools/bin/../lib/gcc/arm-none-eabi/10.3.1/thumb/v7e-m+fp/hard/crti.o
                0x000000000800ca34                _init
 .init          0x000000000800ca38        0x8 c:/st/stm32cubeide_1.12.1/stm32cubeide/plugins/com.st.stm32cube.ide.mcu.externaltools.gnu-tools-for-stm32.10.3-2021.10.win32_1.0.200.202301161003/tools/bin/../lib/gcc/arm-none-eabi/10.3.1/thumb/v7e-m+fp/hard/crtn.o
 *(.fini)
 .fini          0x000000000800ca40        0x4 c:/st/stm32cubeide_1.12.1/stm32cubeide/plugins/com.st.stm32cube.ide.mcu.externaltools.gnu-tools-for-stm32.10.3-2021.10.win32_1.0.200.202301161003/tools/bin/../lib/gcc/arm-none-eabi/10.3.1/thumb/v7e-m+fp/hard/crti.o
                0x000000000800ca40                _fini
 .fini          0x000000000800ca44        0x8 c:/st/stm32cubeide_1.12.1/stm32cubeide/plugins/com.st.stm32cube.ide.mcu.externaltools.gnu-tools-for-stm32.10.3-2021.10.win32_1.0.200.202301161003/tools/bin/../lib/gcc/arm-none-eabi/10.3.1/thumb/v7e-m+fp/hard/crtn.o
                0x000000000800ca4c                . = ALIGN (0x4)
                0x000000000800ca4c                _etext = .

.vfp11_veneer   0x000000000800ca4c        0x0
 .vfp11_veneer  0x000000000800ca4c        0x0 linker stubs

.v4_bx          0x000000000800ca4c        0x0
 .v4_bx         0x000000000800ca4c        0x0 linker stubs

.iplt           0x000000000800ca4c        0x0
 .iplt          0x000000000800ca4c        0x0 c:/st/stm32cubeide_1.12.1/stm32cubeide/plugins/com.st.stm32cube.ide.mcu.externaltools.gnu-tools-for-stm32.10.3-2021.10.win32_1.0.200.202301161003/tools/bin/../lib/gcc/arm-none-eabi/10.3.1/thumb/v7e-m+fp/hard/crtbegin.o

.rodata         0x000000000800ca50     0x250c
                0x000000000800ca50                . = ALIGN (0x4)
 *(.rodata)
 .rodata        0x000000000800ca50       0x70 ./Core/Src/main.o
 *(.rodata*)
 .rodata.Font11x18
                0x000000000800cac0      0xd5c ./Core/Src/ssd1306_fonts.o
 .rodata.Font16x26
                0x000000000800d81c     0x134c ./Core/Src/ssd1306_fonts.o
 .rodata.AHBPrescTable
                0x000000000800eb68       0x10 ./Core/Src/system_stm32f4xx.o
                0x000000000800eb68                AHBPrescTable
 .rodata.APBPrescTable
                0x000000000800eb78        0x8 ./Core/Src/system_stm32f4xx.o
                0x000000000800eb78                APBPrescTable
 .rodata._global_impure_ptr
                0x000000000800eb80        0x4 c:/st/stm32cubeide_1.12.1/stm32cubeide/plugins/com.st.stm32cube.ide.mcu.externaltools.gnu-tools-for-stm32.10.3-2021.10.win32_1.0.200.202301161003/tools/bin/../lib/gcc/arm-none-eabi/10.3.1/../../../../arm-none-eabi/lib/thumb/v7e-m+fp/hard\libc_nano.a(lib_a-impure.o)
                0x000000000800eb80                _global_impure_ptr
 .rodata._printf_float.str1.1
                0x000000000800eb84       0x12 c:/st/stm32cubeide_1.12.1/stm32cubeide/plugins/com.st.stm32cube.ide.mcu.externaltools.gnu-tools-for-stm32.10.3-2021.10.win32_1.0.200.202301161003/tools/bin/../lib/gcc/arm-none-eabi/10.3.1/../../../../arm-none-eabi/lib/thumb/v7e-m+fp/hard\libc_nano.a(lib_a-nano-vfprintf_float.o)
 .rodata._printf_i.str1.1
                0x000000000800eb96       0x22 c:/st/stm32cubeide_1.12.1/stm32cubeide/plugins/com.st.stm32cube.ide.mcu.externaltools.gnu-tools-for-stm32.10.3-2021.10.win32_1.0.200.202301161003/tools/bin/../lib/gcc/arm-none-eabi/10.3.1/../../../../arm-none-eabi/lib/thumb/v7e-m+fp/hard\libc_nano.a(lib_a-nano-vfprintf_i.o)
 .rodata._dtoa_r.str1.1
                0x000000000800ebb8       0x90 c:/st/stm32cubeide_1.12.1/stm32cubeide/plugins/com.st.stm32cube.ide.mcu.externaltools.gnu-tools-for-stm32.10.3-2021.10.win32_1.0.200.202301161003/tools/bin/../lib/gcc/arm-none-eabi/10.3.1/../../../../arm-none-eabi/lib/thumb/v7e-m+fp/hard\libc_nano.a(lib_a-dtoa.o)
                                         0x92 (size before relaxing)
 .rodata.__sf_fake_stderr
                0x000000000800ec48       0x20 c:/st/stm32cubeide_1.12.1/stm32cubeide/plugins/com.st.stm32cube.ide.mcu.externaltools.gnu-tools-for-stm32.10.3-2021.10.win32_1.0.200.202301161003/tools/bin/../lib/gcc/arm-none-eabi/10.3.1/../../../../arm-none-eabi/lib/thumb/v7e-m+fp/hard\libc_nano.a(lib_a-findfp.o)
                0x000000000800ec48                __sf_fake_stderr
 .rodata.__sf_fake_stdin
                0x000000000800ec68       0x20 c:/st/stm32cubeide_1.12.1/stm32cubeide/plugins/com.st.stm32cube.ide.mcu.externaltools.gnu-tools-for-stm32.10.3-2021.10.win32_1.0.200.202301161003/tools/bin/../lib/gcc/arm-none-eabi/10.3.1/../../../../arm-none-eabi/lib/thumb/v7e-m+fp/hard\libc_nano.a(lib_a-findfp.o)
                0x000000000800ec68                __sf_fake_stdin
 .rodata.__sf_fake_stdout
                0x000000000800ec88       0x20 c:/st/stm32cubeide_1.12.1/stm32cubeide/plugins/com.st.stm32cube.ide.mcu.externaltools.gnu-tools-for-stm32.10.3-2021.10.win32_1.0.200.202301161003/tools/bin/../lib/gcc/arm-none-eabi/10.3.1/../../../../arm-none-eabi/lib/thumb/v7e-m+fp/hard\libc_nano.a(lib_a-findfp.o)
                0x000000000800ec88                __sf_fake_stdout
 .rodata._Balloc.str1.1
                0x000000000800eca8       0x5c c:/st/stm32cubeide_1.12.1/stm32cubeide/plugins/com.st.stm32cube.ide.mcu.externaltools.gnu-tools-for-stm32.10.3-2021.10.win32_1.0.200.202301161003/tools/bin/../lib/gcc/arm-none-eabi/10.3.1/../../../../arm-none-eabi/lib/thumb/v7e-m+fp/hard\libc_nano.a(lib_a-mprec.o)
                                         0x73 (size before relaxing)
 .rodata.__multadd.str1.1
                0x000000000800ed04       0x11 c:/st/stm32cubeide_1.12.1/stm32cubeide/plugins/com.st.stm32cube.ide.mcu.externaltools.gnu-tools-for-stm32.10.3-2021.10.win32_1.0.200.202301161003/tools/bin/../lib/gcc/arm-none-eabi/10.3.1/../../../../arm-none-eabi/lib/thumb/v7e-m+fp/hard\libc_nano.a(lib_a-mprec.o)
 *fill*         0x000000000800ed04        0x4 
 .rodata.__mprec_bigtens
                0x000000000800ed08       0x28 c:/st/stm32cubeide_1.12.1/stm32cubeide/plugins/com.st.stm32cube.ide.mcu.externaltools.gnu-tools-for-stm32.10.3-2021.10.win32_1.0.200.202301161003/tools/bin/../lib/gcc/arm-none-eabi/10.3.1/../../../../arm-none-eabi/lib/thumb/v7e-m+fp/hard\libc_nano.a(lib_a-mprec.o)
                0x000000000800ed08                __mprec_bigtens
 .rodata.__mprec_tens
                0x000000000800ed30       0xc8 c:/st/stm32cubeide_1.12.1/stm32cubeide/plugins/com.st.stm32cube.ide.mcu.externaltools.gnu-tools-for-stm32.10.3-2021.10.win32_1.0.200.202301161003/tools/bin/../lib/gcc/arm-none-eabi/10.3.1/../../../../arm-none-eabi/lib/thumb/v7e-m+fp/hard\libc_nano.a(lib_a-mprec.o)
                0x000000000800ed30                __mprec_tens
 .rodata.p05.0  0x000000000800edf8        0xc c:/st/stm32cubeide_1.12.1/stm32cubeide/plugins/com.st.stm32cube.ide.mcu.externaltools.gnu-tools-for-stm32.10.3-2021.10.win32_1.0.200.202301161003/tools/bin/../lib/gcc/arm-none-eabi/10.3.1/../../../../arm-none-eabi/lib/thumb/v7e-m+fp/hard\libc_nano.a(lib_a-mprec.o)
 .rodata._svfprintf_r.str1.1
                0x000000000800ee04       0x11 c:/st/stm32cubeide_1.12.1/stm32cubeide/plugins/com.st.stm32cube.ide.mcu.externaltools.gnu-tools-for-stm32.10.3-2021.10.win32_1.0.200.202301161003/tools/bin/../lib/gcc/arm-none-eabi/10.3.1/../../../../arm-none-eabi/lib/thumb/v7e-m+fp/hard\libc_nano.a(lib_a-nano-svfprintf.o)
 .rodata.__assert_func.str1.1
                0x000000000800ee15       0x3c c:/st/stm32cubeide_1.12.1/stm32cubeide/plugins/com.st.stm32cube.ide.mcu.externaltools.gnu-tools-for-stm32.10.3-2021.10.win32_1.0.200.202301161003/tools/bin/../lib/gcc/arm-none-eabi/10.3.1/../../../../arm-none-eabi/lib/thumb/v7e-m+fp/hard\libc_nano.a(lib_a-assert.o)
                                         0x3d (size before relaxing)
 .rodata._setlocale_r.str1.1
                0x000000000800ee51        0x8 c:/st/stm32cubeide_1.12.1/stm32cubeide/plugins/com.st.stm32cube.ide.mcu.externaltools.gnu-tools-for-stm32.10.3-2021.10.win32_1.0.200.202301161003/tools/bin/../lib/gcc/arm-none-eabi/10.3.1/../../../../arm-none-eabi/lib/thumb/v7e-m+fp/hard\libc_nano.a(lib_a-locale.o)
                                          0x9 (size before relaxing)
 .rodata.str1.1
                0x000000000800ee59        0x2 c:/st/stm32cubeide_1.12.1/stm32cubeide/plugins/com.st.stm32cube.ide.mcu.externaltools.gnu-tools-for-stm32.10.3-2021.10.win32_1.0.200.202301161003/tools/bin/../lib/gcc/arm-none-eabi/10.3.1/../../../../arm-none-eabi/lib/thumb/v7e-m+fp/hard\libc_nano.a(lib_a-locale.o)
 .rodata._vfprintf_r.str1.1
                0x000000000800ee5b       0x11 c:/st/stm32cubeide_1.12.1/stm32cubeide/plugins/com.st.stm32cube.ide.mcu.externaltools.gnu-tools-for-stm32.10.3-2021.10.win32_1.0.200.202301161003/tools/bin/../lib/gcc/arm-none-eabi/10.3.1/../../../../arm-none-eabi/lib/thumb/v7e-m+fp/hard\libc_nano.a(lib_a-nano-vfprintf.o)
 .rodata._ctype_
                0x000000000800ee5b      0x101 c:/st/stm32cubeide_1.12.1/stm32cubeide/plugins/com.st.stm32cube.ide.mcu.externaltools.gnu-tools-for-stm32.10.3-2021.10.win32_1.0.200.202301161003/tools/bin/../lib/gcc/arm-none-eabi/10.3.1/../../../../arm-none-eabi/lib/thumb/v7e-m+fp/hard\libc_nano.a(lib_a-ctype_.o)
                0x000000000800ee5b                _ctype_
                0x000000000800ef5c                . = ALIGN (0x4)

.ARM.extab      0x000000000800ef5c        0x0
                0x000000000800ef5c                . = ALIGN (0x4)
 *(.ARM.extab* .gnu.linkonce.armextab.*)
                0x000000000800ef5c                . = ALIGN (0x4)

.ARM            0x000000000800ef5c        0x8
                0x000000000800ef5c                . = ALIGN (0x4)
                0x000000000800ef5c                __exidx_start = .
 *(.ARM.exidx*)
 .ARM.exidx     0x000000000800ef5c        0x8 c:/st/stm32cubeide_1.12.1/stm32cubeide/plugins/com.st.stm32cube.ide.mcu.externaltools.gnu-tools-for-stm32.10.3-2021.10.win32_1.0.200.202301161003/tools/bin/../lib/gcc/arm-none-eabi/10.3.1/thumb/v7e-m+fp/hard\libgcc.a(_udivmoddi4.o)
                0x000000000800ef64                __exidx_end = .
                0x000000000800ef64                . = ALIGN (0x4)

.rel.dyn        0x000000000800ef64        0x0
 .rel.iplt      0x000000000800ef64        0x0 c:/st/stm32cubeide_1.12.1/stm32cubeide/plugins/com.st.stm32cube.ide.mcu.externaltools.gnu-tools-for-stm32.10.3-2021.10.win32_1.0.200.202301161003/tools/bin/../lib/gcc/arm-none-eabi/10.3.1/thumb/v7e-m+fp/hard/crtbegin.o

.preinit_array  0x000000000800ef64        0x0
                0x000000000800ef64                . = ALIGN (0x4)
                0x000000000800ef64                PROVIDE (__preinit_array_start = .)
 *(.preinit_array*)
                0x000000000800ef64                PROVIDE (__preinit_array_end = .)
                0x000000000800ef64                . = ALIGN (0x4)

.init_array     0x000000000800ef64        0x4
                0x000000000800ef64                . = ALIGN (0x4)
                0x000000000800ef64                PROVIDE (__init_array_start = .)
 *(SORT_BY_NAME(.init_array.*))
 *(.init_array*)
 .init_array    0x000000000800ef64        0x4 c:/st/stm32cubeide_1.12.1/stm32cubeide/plugins/com.st.stm32cube.ide.mcu.externaltools.gnu-tools-for-stm32.10.3-2021.10.win32_1.0.200.202301161003/tools/bin/../lib/gcc/arm-none-eabi/10.3.1/thumb/v7e-m+fp/hard/crtbegin.o
                0x000000000800ef68                PROVIDE (__init_array_end = .)
                0x000000000800ef68                . = ALIGN (0x4)

.fini_array     0x000000000800ef68        0x4
                0x000000000800ef68                . = ALIGN (0x4)
                [!provide]                        PROVIDE (__fini_array_start = .)
 *(SORT_BY_NAME(.fini_array.*))
 *(.fini_array*)
 .fini_array    0x000000000800ef68        0x4 c:/st/stm32cubeide_1.12.1/stm32cubeide/plugins/com.st.stm32cube.ide.mcu.externaltools.gnu-tools-for-stm32.10.3-2021.10.win32_1.0.200.202301161003/tools/bin/../lib/gcc/arm-none-eabi/10.3.1/thumb/v7e-m+fp/hard/crtbegin.o
                [!provide]                        PROVIDE (__fini_array_end = .)
                0x000000000800ef6c                . = ALIGN (0x4)
                0x000000000800ef6c                _sidata = LOADADDR (.data)

.data           0x0000000020000000      0x4bc load address 0x000000000800ef6c
                0x0000000020000000                . = ALIGN (0x4)
                0x0000000020000000                _sdata = .
 *(.data)
 *(.data*)
 .data.DefaultTuningSettings
                0x0000000020000000       0xf3 ./Core/Librerias/VL53L0X/core/src/vl53l0x_api.o
                0x0000000020000000                DefaultTuningSettings
 *fill*         0x00000000200000f3        0x1 
 .data.InterruptThresholdSettings
                0x00000000200000f4      0x1b6 ./Core/Librerias/VL53L0X/core/src/vl53l0x_api.o
                0x00000000200000f4                InterruptThresholdSettings
 *fill*         0x00000000200002aa        0x2 
 .data.refArrayQuadrants
                0x00000000200002ac       0x10 ./Core/Librerias/VL53L0X/core/src/vl53l0x_api_calibration.o
                0x00000000200002ac                refArrayQuadrants
 .data.Dev      0x00000000200002bc        0x4 ./Core/Librerias/VL53L0X/lidarvl53.o
                0x00000000200002bc                Dev
 .data.factorCalibracion