../Core/Src/main.c:89:5:main	24	static
../Core/Src/main.c:186:6:chequeoPulsador	16	static
../Core/Src/main.c:228:6:calibracion_100mm	24	static
../Core/Src/main.c:296:6:calibracion_1900mm	24	static
../Core/Src/main.c:364:6:Factor_Calibracion	32	static
../Core/Src/main.c:376:6:SystemClock_Config	88	static
../Core/Src/main.c:423:13:MX_I2C1_Init	8	static
../Core/Src/main.c:457:13:MX_I2C3_Init	8	static
../Core/Src/main.c:491:13:MX_USART2_UART_Init	8	static
../Core/Src/main.c:524:13:MX_GPIO_Init	48	static
../Core/Src/main.c:564:6:Error_Handler	4	static,ignoring_inline_asm
